[0.844s] Invoking command in '/home/felipe/Desktop/Robotica_Proy/CargaBot/ROS2_Software/ros2_ws/src/lab1_py_pkg': DEBUGINFOD_URLS=https://debuginfod.ubuntu.com LD_LIBRARY_PATH=/home/felipe/Desktop/Robotica_Proy/CargaBot/ROS2_Software/ros2_ws/install/lab1_msgs/lib:/opt/ros/jazzy/opt/sdformat_vendor/lib:/opt/ros/jazzy/opt/rviz_ogre_vendor/lib:/opt/ros/jazzy/lib/x86_64-linux-gnu:/opt/ros/jazzy/opt/gz_math_vendor/lib:/opt/ros/jazzy/opt/gz_utils_vendor/lib:/opt/ros/jazzy/opt/gz_tools_vendor/lib:/opt/ros/jazzy/opt/gz_cmake_vendor/lib:/opt/ros/jazzy/lib PYTHONPATH=/home/felipe/Desktop/Robotica_Proy/CargaBot/ROS2_Software/ros2_ws/build/lab1_py_pkg/prefix_override:/usr/lib/python3/dist-packages/colcon_core/task/python/colcon_distutils_commands:/home/felipe/Desktop/Robotica_Proy/CargaBot/ROS2_Software/ros2_ws/install/lab1_py_pkg/lib/python3.12/site-packages:/home/felipe/Desktop/Robotica_Proy/CargaBot/ROS2_Software/ros2_ws/install/lab1_msgs/lib/python3.12/site-packages:/home/felipe/Desktop/Robotica_Proy/CargaBot/ROS2_Software/ros2_ws/install/lab1_py_pkg/lib/python3.12/site-packages:/opt/ros/jazzy/lib/python3.12/site-packages /usr/bin/python3 -W ignore:setup.py install is deprecated -W ignore:easy_install command is deprecated setup.py egg_info --egg-base ../../build/lab1_py_pkg build --build-base /home/felipe/Desktop/Robotica_Proy/CargaBot/ROS2_Software/ros2_ws/build/lab1_py_pkg/build install --record /home/felipe/Desktop/Robotica_Proy/CargaBot/ROS2_Software/ros2_ws/build/lab1_py_pkg/install.log --single-version-externally-managed install_data
[1.056s] running egg_info
[1.071s] writing ../../build/lab1_py_pkg/lab1_py_pkg.egg-info/PKG-INFO
[1.071s] writing dependency_links to ../../build/lab1_py_pkg/lab1_py_pkg.egg-info/dependency_links.txt
[1.071s] writing entry points to ../../build/lab1_py_pkg/lab1_py_pkg.egg-info/entry_points.txt
[1.071s] writing requirements to ../../build/lab1_py_pkg/lab1_py_pkg.egg-info/requires.txt
[1.071s] writing top-level names to ../../build/lab1_py_pkg/lab1_py_pkg.egg-info/top_level.txt
[1.103s] reading manifest file '../../build/lab1_py_pkg/lab1_py_pkg.egg-info/SOURCES.txt'
[1.104s] writing manifest file '../../build/lab1_py_pkg/lab1_py_pkg.egg-info/SOURCES.txt'
[1.104s] running build
[1.104s] running build_py
[1.104s] copying lab1_py_pkg/motion_controller.py -> /home/felipe/Desktop/Robotica_Proy/CargaBot/ROS2_Software/ros2_ws/build/lab1_py_pkg/build/lib/lab1_py_pkg
[1.104s] copying lab1_py_pkg/cargabot_motion_tui.py -> /home/felipe/Desktop/Robotica_Proy/CargaBot/ROS2_Software/ros2_ws/build/lab1_py_pkg/build/lib/lab1_py_pkg
[1.104s] running install
[1.110s] running install_lib
[1.128s] copying /home/felipe/Desktop/Robotica_Proy/CargaBot/ROS2_Software/ros2_ws/build/lab1_py_pkg/build/lib/lab1_py_pkg/motion_controller.py -> /home/felipe/Desktop/Robotica_Proy/CargaBot/ROS2_Software/ros2_ws/install/lab1_py_pkg/lib/python3.12/site-packages/lab1_py_pkg
[1.128s] copying /home/felipe/Desktop/Robotica_Proy/CargaBot/ROS2_Software/ros2_ws/build/lab1_py_pkg/build/lib/lab1_py_pkg/cargabot_motion_tui.py -> /home/felipe/Desktop/Robotica_Proy/CargaBot/ROS2_Software/ros2_ws/install/lab1_py_pkg/lib/python3.12/site-packages/lab1_py_pkg
[1.129s] byte-compiling /home/felipe/Desktop/Robotica_Proy/CargaBot/ROS2_Software/ros2_ws/install/lab1_py_pkg/lib/python3.12/site-packages/lab1_py_pkg/motion_controller.py to motion_controller.cpython-312.pyc
[1.133s] byte-compiling /home/felipe/Desktop/Robotica_Proy/CargaBot/ROS2_Software/ros2_ws/install/lab1_py_pkg/lib/python3.12/site-packages/lab1_py_pkg/cargabot_motion_tui.py to cargabot_motion_tui.cpython-312.pyc
[1.134s] running install_data
[1.134s] running install_egg_info
[1.154s] removing '/home/felipe/Desktop/Robotica_Proy/CargaBot/ROS2_Software/ros2_ws/install/lab1_py_pkg/lib/python3.12/site-packages/lab1_py_pkg-0.0.0-py3.12.egg-info' (and everything under it)
[1.155s] Copying ../../build/lab1_py_pkg/lab1_py_pkg.egg-info to /home/felipe/Desktop/Robotica_Proy/CargaBot/ROS2_Software/ros2_ws/install/lab1_py_pkg/lib/python3.12/site-packages/lab1_py_pkg-0.0.0-py3.12.egg-info
[1.155s] running install_scripts
[1.279s] Installing motion_controller script to /home/felipe/Desktop/Robotica_Proy/CargaBot/ROS2_Software/ros2_ws/install/lab1_py_pkg/lib/lab1_py_pkg
[1.279s] Installing serial_bridge_zero script to /home/felipe/Desktop/Robotica_Proy/CargaBot/ROS2_Software/ros2_ws/install/lab1_py_pkg/lib/lab1_py_pkg
[1.279s] Installing turtle_bot_interface script to /home/felipe/Desktop/Robotica_Proy/CargaBot/ROS2_Software/ros2_ws/install/lab1_py_pkg/lib/lab1_py_pkg
[1.280s] Installing turtle_bot_player script to /home/felipe/Desktop/Robotica_Proy/CargaBot/ROS2_Software/ros2_ws/install/lab1_py_pkg/lib/lab1_py_pkg
[1.280s] Installing turtle_bot_serial_bridge script to /home/felipe/Desktop/Robotica_Proy/CargaBot/ROS2_Software/ros2_ws/install/lab1_py_pkg/lib/lab1_py_pkg
[1.280s] Installing turtle_bot_teleop script to /home/felipe/Desktop/Robotica_Proy/CargaBot/ROS2_Software/ros2_ws/install/lab1_py_pkg/lib/lab1_py_pkg
[1.280s] writing list of installed files to '/home/felipe/Desktop/Robotica_Proy/CargaBot/ROS2_Software/ros2_ws/build/lab1_py_pkg/install.log'
[1.334s] Invoked command in '/home/felipe/Desktop/Robotica_Proy/CargaBot/ROS2_Software/ros2_ws/src/lab1_py_pkg' returned '0': DEBUGINFOD_URLS=https://debuginfod.ubuntu.com LD_LIBRARY_PATH=/home/felipe/Desktop/Robotica_Proy/CargaBot/ROS2_Software/ros2_ws/install/lab1_msgs/lib:/opt/ros/jazzy/opt/sdformat_vendor/lib:/opt/ros/jazzy/opt/rviz_ogre_vendor/lib:/opt/ros/jazzy/lib/x86_64-linux-gnu:/opt/ros/jazzy/opt/gz_math_vendor/lib:/opt/ros/jazzy/opt/gz_utils_vendor/lib:/opt/ros/jazzy/opt/gz_tools_vendor/lib:/opt/ros/jazzy/opt/gz_cmake_vendor/lib:/opt/ros/jazzy/lib PYTHONPATH=/home/felipe/Desktop/Robotica_Proy/CargaBot/ROS2_Software/ros2_ws/build/lab1_py_pkg/prefix_override:/usr/lib/python3/dist-packages/colcon_core/task/python/colcon_distutils_commands:/home/felipe/Desktop/Robotica_Proy/CargaBot/ROS2_Software/ros2_ws/install/lab1_py_pkg/lib/python3.12/site-packages:/home/felipe/Desktop/Robotica_Proy/CargaBot/ROS2_Software/ros2_ws/install/lab1_msgs/lib/python3.12/site-packages:/home/felipe/Desktop/Robotica_Proy/CargaBot/ROS2_Software/ros2_ws/install/lab1_py_pkg/lib/python3.12/site-packages:/opt/ros/jazzy/lib/python3.12/site-packages /usr/bin/python3 -W ignore:setup.py install is deprecated -W ignore:easy_install command is deprecated setup.py egg_info --egg-base ../../build/lab1_py_pkg build --build-base /home/felipe/Desktop/Robotica_Proy/CargaBot/ROS2_Software/ros2_ws/build/lab1_py_pkg/build install --record /home/felipe/Desktop/Robotica_Proy/CargaBot/ROS2_Software/ros2_ws/build/lab1_py_pkg/install.log --single-version-externally-managed install_data
