[0.230s] DEBUG:colcon:Command line arguments: ['/usr/bin/colcon', 'build']
[0.230s] DEBUG:colcon:Parsed command line arguments: Namespace(log_base=None, log_level=None, verb_name='build', build_base='build', install_base='install', merge_install=False, symlink_install=False, test_result_base=None, continue_on_error=False, executor='parallel', parallel_workers=16, event_handlers=None, ignore_user_meta=False, metas=['./colcon.meta'], base_paths=['.'], packages_ignore=None, packages_ignore_regex=None, paths=None, packages_up_to=None, packages_up_to_regex=None, packages_above=None, packages_above_and_dependencies=None, packages_above_depth=None, packages_select_by_dep=None, packages_skip_by_dep=None, packages_skip_up_to=None, packages_select_build_failed=False, packages_skip_build_finished=False, packages_select_test_failures=False, packages_skip_test_passed=False, packages_select=None, packages_skip=None, packages_select_regex=None, packages_skip_regex=None, packages_start=None, packages_end=None, allow_overriding=[], cmake_args=None, cmake_target=None, cmake_target_skip_unavailable=False, cmake_clean_cache=False, cmake_clean_first=False, cmake_force_configure=False, ament_cmake_args=None, catkin_cmake_args=None, catkin_skip_building_tests=False, mixin_files=None, mixin=None, verb_parser=<colcon_mixin.mixin.mixin_argument.MixinArgumentDecorator object at 0x7232db6e42c0>, verb_extension=<colcon_core.verb.build.BuildVerb object at 0x7232db6093a0>, main=<bound method BuildVerb.main of <colcon_core.verb.build.BuildVerb object at 0x7232db6093a0>>, mixin_verb=('build',))
[0.312s] Level 1:colcon.colcon_core.package_discovery:discover_packages(colcon_meta) check parameters
[0.312s] WARNING:colcon.colcon_metadata.package_discovery.colcon_meta:Skipping metadata file '/home/felipe/Desktop/Robotica_Proy/CargaBot/ROS2_Software/ros2_ws/colcon.meta' since it doesn't contain a dict
[0.312s] Level 1:colcon.colcon_core.package_discovery:discover_packages(recursive) check parameters
[0.312s] Level 1:colcon.colcon_core.package_discovery:discover_packages(ignore) check parameters
[0.312s] Level 1:colcon.colcon_core.package_discovery:discover_packages(path) check parameters
[0.312s] Level 1:colcon.colcon_core.package_discovery:discover_packages(colcon_meta) discover
[0.313s] Level 1:colcon.colcon_core.package_discovery:discover_packages(recursive) discover
[0.313s] INFO:colcon.colcon_core.package_discovery:Crawling recursively for packages in '/home/felipe/Desktop/Robotica_Proy/CargaBot/ROS2_Software/ros2_ws'
[0.313s] Level 1:colcon.colcon_core.package_identification:_identify(.) by extensions ['ignore', 'ignore_ament_install']
[0.313s] Level 1:colcon.colcon_core.package_identification:_identify(.) by extension 'ignore'
[0.313s] Level 1:colcon.colcon_core.package_identification:_identify(.) by extension 'ignore_ament_install'
[0.313s] Level 1:colcon.colcon_core.package_identification:_identify(.) by extensions ['colcon_pkg']
[0.313s] Level 1:colcon.colcon_core.package_identification:_identify(.) by extension 'colcon_pkg'
[0.313s] Level 1:colcon.colcon_core.package_identification:_identify(.) by extensions ['colcon_meta']
[0.313s] Level 1:colcon.colcon_core.package_identification:_identify(.) by extension 'colcon_meta'
[0.314s] Level 1:colcon.colcon_core.package_identification:_identify(.) by extensions ['ros']
[0.314s] Level 1:colcon.colcon_core.package_identification:_identify(.) by extension 'ros'
[0.367s] Level 1:colcon.colcon_core.package_identification:_identify(.) by extensions ['cmake', 'python']
[0.367s] Level 1:colcon.colcon_core.package_identification:_identify(.) by extension 'cmake'
[0.367s] Level 1:colcon.colcon_core.package_identification:_identify(.) by extension 'python'
[0.367s] Level 1:colcon.colcon_core.package_identification:_identify(.) by extensions ['python_setup_py']
[0.367s] Level 1:colcon.colcon_core.package_identification:_identify(.) by extension 'python_setup_py'
[0.367s] Level 1:colcon.colcon_core.package_identification:_identify(build) by extensions ['ignore', 'ignore_ament_install']
[0.367s] Level 1:colcon.colcon_core.package_identification:_identify(build) by extension 'ignore'
[0.367s] Level 1:colcon.colcon_core.package_identification:_identify(build) ignored
[0.368s] Level 1:colcon.colcon_core.package_identification:_identify(install) by extensions ['ignore', 'ignore_ament_install']
[0.368s] Level 1:colcon.colcon_core.package_identification:_identify(install) by extension 'ignore'
[0.368s] Level 1:colcon.colcon_core.package_identification:_identify(install) ignored
[0.368s] Level 1:colcon.colcon_core.package_identification:_identify(log) by extensions ['ignore', 'ignore_ament_install']
[0.368s] Level 1:colcon.colcon_core.package_identification:_identify(log) by extension 'ignore'
[0.368s] Level 1:colcon.colcon_core.package_identification:_identify(log) ignored
[0.368s] Level 1:colcon.colcon_core.package_identification:_identify(src) by extensions ['ignore', 'ignore_ament_install']
[0.368s] Level 1:colcon.colcon_core.package_identification:_identify(src) by extension 'ignore'
[0.368s] Level 1:colcon.colcon_core.package_identification:_identify(src) by extension 'ignore_ament_install'
[0.368s] Level 1:colcon.colcon_core.package_identification:_identify(src) by extensions ['colcon_pkg']
[0.368s] Level 1:colcon.colcon_core.package_identification:_identify(src) by extension 'colcon_pkg'
[0.368s] Level 1:colcon.colcon_core.package_identification:_identify(src) by extensions ['colcon_meta']
[0.368s] Level 1:colcon.colcon_core.package_identification:_identify(src) by extension 'colcon_meta'
[0.368s] Level 1:colcon.colcon_core.package_identification:_identify(src) by extensions ['ros']
[0.368s] Level 1:colcon.colcon_core.package_identification:_identify(src) by extension 'ros'
[0.368s] Level 1:colcon.colcon_core.package_identification:_identify(src) by extensions ['cmake', 'python']
[0.368s] Level 1:colcon.colcon_core.package_identification:_identify(src) by extension 'cmake'
[0.368s] Level 1:colcon.colcon_core.package_identification:_identify(src) by extension 'python'
[0.369s] Level 1:colcon.colcon_core.package_identification:_identify(src) by extensions ['python_setup_py']
[0.369s] Level 1:colcon.colcon_core.package_identification:_identify(src) by extension 'python_setup_py'
[0.369s] Level 1:colcon.colcon_core.package_identification:_identify(src/lab1_msgs) by extensions ['ignore', 'ignore_ament_install']
[0.369s] Level 1:colcon.colcon_core.package_identification:_identify(src/lab1_msgs) by extension 'ignore'
[0.369s] Level 1:colcon.colcon_core.package_identification:_identify(src/lab1_msgs) by extension 'ignore_ament_install'
[0.369s] Level 1:colcon.colcon_core.package_identification:_identify(src/lab1_msgs) by extensions ['colcon_pkg']
[0.369s] Level 1:colcon.colcon_core.package_identification:_identify(src/lab1_msgs) by extension 'colcon_pkg'
[0.369s] Level 1:colcon.colcon_core.package_identification:_identify(src/lab1_msgs) by extensions ['colcon_meta']
[0.369s] Level 1:colcon.colcon_core.package_identification:_identify(src/lab1_msgs) by extension 'colcon_meta'
[0.369s] Level 1:colcon.colcon_core.package_identification:_identify(src/lab1_msgs) by extensions ['ros']
[0.369s] Level 1:colcon.colcon_core.package_identification:_identify(src/lab1_msgs) by extension 'ros'
[0.374s] DEBUG:colcon.colcon_core.package_identification:Package 'src/lab1_msgs' with type 'ros.ament_cmake' and name 'lab1_msgs'
[0.374s] Level 1:colcon.colcon_core.package_identification:_identify(src/lab1_py_pkg) by extensions ['ignore', 'ignore_ament_install']
[0.374s] Level 1:colcon.colcon_core.package_identification:_identify(src/lab1_py_pkg) by extension 'ignore'
[0.375s] Level 1:colcon.colcon_core.package_identification:_identify(src/lab1_py_pkg) by extension 'ignore_ament_install'
[0.375s] Level 1:colcon.colcon_core.package_identification:_identify(src/lab1_py_pkg) by extensions ['colcon_pkg']
[0.375s] Level 1:colcon.colcon_core.package_identification:_identify(src/lab1_py_pkg) by extension 'colcon_pkg'
[0.375s] Level 1:colcon.colcon_core.package_identification:_identify(src/lab1_py_pkg) by extensions ['colcon_meta']
[0.375s] Level 1:colcon.colcon_core.package_identification:_identify(src/lab1_py_pkg) by extension 'colcon_meta'
[0.375s] Level 1:colcon.colcon_core.package_identification:_identify(src/lab1_py_pkg) by extensions ['ros']
[0.375s] Level 1:colcon.colcon_core.package_identification:_identify(src/lab1_py_pkg) by extension 'ros'
[0.376s] DEBUG:colcon.colcon_core.package_identification:Package 'src/lab1_py_pkg' with type 'ros.ament_python' and name 'lab1_py_pkg'
[0.376s] Level 1:colcon.colcon_core.package_discovery:discover_packages(recursive) using defaults
[0.376s] Level 1:colcon.colcon_core.package_discovery:discover_packages(ignore) discover
[0.376s] Level 1:colcon.colcon_core.package_discovery:discover_packages(ignore) using defaults
[0.376s] Level 1:colcon.colcon_core.package_discovery:discover_packages(path) discover
[0.376s] Level 1:colcon.colcon_core.package_discovery:discover_packages(path) using defaults
[0.408s] Level 1:colcon.colcon_core.package_discovery:discover_packages(prefix_path) check parameters
[0.408s] Level 1:colcon.colcon_core.package_discovery:discover_packages(prefix_path) discover
[0.410s] DEBUG:colcon.colcon_installed_package_information.package_discovery:Found 2 installed packages in /home/felipe/Desktop/Robotica_Proy/CargaBot/ROS2_Software/ros2_ws/install
[0.411s] DEBUG:colcon.colcon_installed_package_information.package_discovery:Found 1 installed packages in /home/felipe/ros2_ws/install
[0.415s] DEBUG:colcon.colcon_installed_package_information.package_discovery:Found 251 installed packages in /opt/ros/jazzy
[0.417s] Level 1:colcon.colcon_core.package_discovery:discover_packages(prefix_path) using defaults
[0.471s] Level 5:colcon.colcon_core.verb:set package 'lab1_msgs' build argument 'cmake_args' from command line to 'None'
[0.471s] Level 5:colcon.colcon_core.verb:set package 'lab1_msgs' build argument 'cmake_target' from command line to 'None'
[0.471s] Level 5:colcon.colcon_core.verb:set package 'lab1_msgs' build argument 'cmake_target_skip_unavailable' from command line to 'False'
[0.471s] Level 5:colcon.colcon_core.verb:set package 'lab1_msgs' build argument 'cmake_clean_cache' from command line to 'False'
[0.471s] Level 5:colcon.colcon_core.verb:set package 'lab1_msgs' build argument 'cmake_clean_first' from command line to 'False'
[0.471s] Level 5:colcon.colcon_core.verb:set package 'lab1_msgs' build argument 'cmake_force_configure' from command line to 'False'
[0.471s] Level 5:colcon.colcon_core.verb:set package 'lab1_msgs' build argument 'ament_cmake_args' from command line to 'None'
[0.471s] Level 5:colcon.colcon_core.verb:set package 'lab1_msgs' build argument 'catkin_cmake_args' from command line to 'None'
[0.471s] Level 5:colcon.colcon_core.verb:set package 'lab1_msgs' build argument 'catkin_skip_building_tests' from command line to 'False'
[0.471s] DEBUG:colcon.colcon_core.verb:Building package 'lab1_msgs' with the following arguments: {'ament_cmake_args': None, 'build_base': '/home/felipe/Desktop/Robotica_Proy/CargaBot/ROS2_Software/ros2_ws/build/lab1_msgs', 'catkin_cmake_args': None, 'catkin_skip_building_tests': False, 'cmake_args': None, 'cmake_clean_cache': False, 'cmake_clean_first': False, 'cmake_force_configure': False, 'cmake_target': None, 'cmake_target_skip_unavailable': False, 'install_base': '/home/felipe/Desktop/Robotica_Proy/CargaBot/ROS2_Software/ros2_ws/install/lab1_msgs', 'merge_install': False, 'path': '/home/felipe/Desktop/Robotica_Proy/CargaBot/ROS2_Software/ros2_ws/src/lab1_msgs', 'symlink_install': False, 'test_result_base': None}
[0.472s] Level 5:colcon.colcon_core.verb:set package 'lab1_py_pkg' build argument 'cmake_args' from command line to 'None'
[0.472s] Level 5:colcon.colcon_core.verb:set package 'lab1_py_pkg' build argument 'cmake_target' from command line to 'None'
[0.472s] Level 5:colcon.colcon_core.verb:set package 'lab1_py_pkg' build argument 'cmake_target_skip_unavailable' from command line to 'False'
[0.472s] Level 5:colcon.colcon_core.verb:set package 'lab1_py_pkg' build argument 'cmake_clean_cache' from command line to 'False'
[0.472s] Level 5:colcon.colcon_core.verb:set package 'lab1_py_pkg' build argument 'cmake_clean_first' from command line to 'False'
[0.472s] Level 5:colcon.colcon_core.verb:set package 'lab1_py_pkg' build argument 'cmake_force_configure' from command line to 'False'
[0.472s] Level 5:colcon.colcon_core.verb:set package 'lab1_py_pkg' build argument 'ament_cmake_args' from command line to 'None'
[0.472s] Level 5:colcon.colcon_core.verb:set package 'lab1_py_pkg' build argument 'catkin_cmake_args' from command line to 'None'
[0.472s] Level 5:colcon.colcon_core.verb:set package 'lab1_py_pkg' build argument 'catkin_skip_building_tests' from command line to 'False'
[0.472s] DEBUG:colcon.colcon_core.verb:Building package 'lab1_py_pkg' with the following arguments: {'ament_cmake_args': None, 'build_base': '/home/felipe/Desktop/Robotica_Proy/CargaBot/ROS2_Software/ros2_ws/build/lab1_py_pkg', 'catkin_cmake_args': None, 'catkin_skip_building_tests': False, 'cmake_args': None, 'cmake_clean_cache': False, 'cmake_clean_first': False, 'cmake_force_configure': False, 'cmake_target': None, 'cmake_target_skip_unavailable': False, 'install_base': '/home/felipe/Desktop/Robotica_Proy/CargaBot/ROS2_Software/ros2_ws/install/lab1_py_pkg', 'merge_install': False, 'path': '/home/felipe/Desktop/Robotica_Proy/CargaBot/ROS2_Software/ros2_ws/src/lab1_py_pkg', 'symlink_install': False, 'test_result_base': None}
[0.472s] INFO:colcon.colcon_core.executor:Executing jobs using 'parallel' executor
[0.474s] DEBUG:colcon.colcon_parallel_executor.executor.parallel:run_until_complete
[0.474s] INFO:colcon.colcon_ros.task.ament_cmake.build:Building ROS package in '/home/felipe/Desktop/Robotica_Proy/CargaBot/ROS2_Software/ros2_ws/src/lab1_msgs' with build type 'ament_cmake'
[0.474s] INFO:colcon.colcon_cmake.task.cmake.build:Building CMake package in '/home/felipe/Desktop/Robotica_Proy/CargaBot/ROS2_Software/ros2_ws/src/lab1_msgs'
[0.479s] INFO:colcon.colcon_core.plugin_system:Skipping extension 'colcon_core.shell.bat': Not used on non-Windows systems
[0.479s] INFO:colcon.colcon_core.shell:Skip shell extension 'powershell' for command environment: Not usable outside of PowerShell
[0.479s] DEBUG:colcon.colcon_core.shell:Skip shell extension 'dsv' for command environment
[0.498s] DEBUG:colcon.colcon_core.event_handler.log_command:Invoking command in '/home/felipe/Desktop/Robotica_Proy/CargaBot/ROS2_Software/ros2_ws/build/lab1_msgs': CMAKE_PREFIX_PATH=${CMAKE_PREFIX_PATH}:/home/felipe/Desktop/Robotica_Proy/CargaBot/ROS2_Software/ros2_ws/install/lab1_py_pkg:/opt/ros/jazzy DEBUGINFOD_URLS=https://debuginfod.ubuntu.com /usr/bin/cmake --build /home/felipe/Desktop/Robotica_Proy/CargaBot/ROS2_Software/ros2_ws/build/lab1_msgs -- -j16 -l16
[1.465s] DEBUG:colcon.colcon_core.event_handler.log_command:Invoked command in '/home/felipe/Desktop/Robotica_Proy/CargaBot/ROS2_Software/ros2_ws/build/lab1_msgs' returned '0': CMAKE_PREFIX_PATH=${CMAKE_PREFIX_PATH}:/home/felipe/Desktop/Robotica_Proy/CargaBot/ROS2_Software/ros2_ws/install/lab1_py_pkg:/opt/ros/jazzy DEBUGINFOD_URLS=https://debuginfod.ubuntu.com /usr/bin/cmake --build /home/felipe/Desktop/Robotica_Proy/CargaBot/ROS2_Software/ros2_ws/build/lab1_msgs -- -j16 -l16
[1.493s] DEBUG:colcon.colcon_core.event_handler.log_command:Invoking command in '/home/felipe/Desktop/Robotica_Proy/CargaBot/ROS2_Software/ros2_ws/build/lab1_msgs': CMAKE_PREFIX_PATH=${CMAKE_PREFIX_PATH}:/home/felipe/Desktop/Robotica_Proy/CargaBot/ROS2_Software/ros2_ws/install/lab1_py_pkg:/opt/ros/jazzy DEBUGINFOD_URLS=https://debuginfod.ubuntu.com /usr/bin/cmake --install /home/felipe/Desktop/Robotica_Proy/CargaBot/ROS2_Software/ros2_ws/build/lab1_msgs
[1.646s] Level 1:colcon.colcon_core.environment:create_environment_scripts_only(lab1_msgs)
[1.647s] DEBUG:colcon.colcon_core.event_handler.log_command:Invoked command in '/home/felipe/Desktop/Robotica_Proy/CargaBot/ROS2_Software/ros2_ws/build/lab1_msgs' returned '0': CMAKE_PREFIX_PATH=${CMAKE_PREFIX_PATH}:/home/felipe/Desktop/Robotica_Proy/CargaBot/ROS2_Software/ros2_ws/install/lab1_py_pkg:/opt/ros/jazzy DEBUGINFOD_URLS=https://debuginfod.ubuntu.com /usr/bin/cmake --install /home/felipe/Desktop/Robotica_Proy/CargaBot/ROS2_Software/ros2_ws/build/lab1_msgs
[1.651s] Level 1:colcon.colcon_core.environment:checking '/home/felipe/Desktop/Robotica_Proy/CargaBot/ROS2_Software/ros2_ws/install/lab1_msgs' for CMake module files
[1.653s] Level 1:colcon.colcon_core.environment:checking '/home/felipe/Desktop/Robotica_Proy/CargaBot/ROS2_Software/ros2_ws/install/lab1_msgs' for CMake config files
[1.653s] Level 1:colcon.colcon_core.shell:create_environment_hook('lab1_msgs', 'cmake_prefix_path')
[1.654s] INFO:colcon.colcon_core.shell:Creating environment hook '/home/felipe/Desktop/Robotica_Proy/CargaBot/ROS2_Software/ros2_ws/install/lab1_msgs/share/lab1_msgs/hook/cmake_prefix_path.ps1'
[1.655s] INFO:colcon.colcon_core.shell:Creating environment descriptor '/home/felipe/Desktop/Robotica_Proy/CargaBot/ROS2_Software/ros2_ws/install/lab1_msgs/share/lab1_msgs/hook/cmake_prefix_path.dsv'
[1.656s] INFO:colcon.colcon_core.shell:Creating environment hook '/home/felipe/Desktop/Robotica_Proy/CargaBot/ROS2_Software/ros2_ws/install/lab1_msgs/share/lab1_msgs/hook/cmake_prefix_path.sh'
[1.657s] Level 1:colcon.colcon_core.environment:checking '/home/felipe/Desktop/Robotica_Proy/CargaBot/ROS2_Software/ros2_ws/install/lab1_msgs/lib'
[1.658s] Level 1:colcon.colcon_core.shell:create_environment_hook('lab1_msgs', 'ld_library_path_lib')
[1.658s] INFO:colcon.colcon_core.shell:Creating environment hook '/home/felipe/Desktop/Robotica_Proy/CargaBot/ROS2_Software/ros2_ws/install/lab1_msgs/share/lab1_msgs/hook/ld_library_path_lib.ps1'
[1.659s] INFO:colcon.colcon_core.shell:Creating environment descriptor '/home/felipe/Desktop/Robotica_Proy/CargaBot/ROS2_Software/ros2_ws/install/lab1_msgs/share/lab1_msgs/hook/ld_library_path_lib.dsv'
[1.659s] INFO:colcon.colcon_core.shell:Creating environment hook '/home/felipe/Desktop/Robotica_Proy/CargaBot/ROS2_Software/ros2_ws/install/lab1_msgs/share/lab1_msgs/hook/ld_library_path_lib.sh'
[1.660s] Level 1:colcon.colcon_core.environment:checking '/home/felipe/Desktop/Robotica_Proy/CargaBot/ROS2_Software/ros2_ws/install/lab1_msgs/bin'
[1.660s] Level 1:colcon.colcon_core.environment:checking '/home/felipe/Desktop/Robotica_Proy/CargaBot/ROS2_Software/ros2_ws/install/lab1_msgs/lib/pkgconfig/lab1_msgs.pc'
[1.661s] Level 1:colcon.colcon_core.environment:checking '/home/felipe/Desktop/Robotica_Proy/CargaBot/ROS2_Software/ros2_ws/install/lab1_msgs/lib/python3.12/site-packages'
[1.661s] Level 1:colcon.colcon_core.shell:create_environment_hook('lab1_msgs', 'pythonpath')
[1.661s] INFO:colcon.colcon_core.shell:Creating environment hook '/home/felipe/Desktop/Robotica_Proy/CargaBot/ROS2_Software/ros2_ws/install/lab1_msgs/share/lab1_msgs/hook/pythonpath.ps1'
[1.662s] INFO:colcon.colcon_core.shell:Creating environment descriptor '/home/felipe/Desktop/Robotica_Proy/CargaBot/ROS2_Software/ros2_ws/install/lab1_msgs/share/lab1_msgs/hook/pythonpath.dsv'
[1.663s] INFO:colcon.colcon_core.shell:Creating environment hook '/home/felipe/Desktop/Robotica_Proy/CargaBot/ROS2_Software/ros2_ws/install/lab1_msgs/share/lab1_msgs/hook/pythonpath.sh'
[1.664s] Level 1:colcon.colcon_core.environment:checking '/home/felipe/Desktop/Robotica_Proy/CargaBot/ROS2_Software/ros2_ws/install/lab1_msgs/bin'
[1.665s] INFO:colcon.colcon_core.shell:Creating package script '/home/felipe/Desktop/Robotica_Proy/CargaBot/ROS2_Software/ros2_ws/install/lab1_msgs/share/lab1_msgs/package.ps1'
[1.666s] INFO:colcon.colcon_core.shell:Creating package descriptor '/home/felipe/Desktop/Robotica_Proy/CargaBot/ROS2_Software/ros2_ws/install/lab1_msgs/share/lab1_msgs/package.dsv'
[1.667s] INFO:colcon.colcon_core.shell:Creating package script '/home/felipe/Desktop/Robotica_Proy/CargaBot/ROS2_Software/ros2_ws/install/lab1_msgs/share/lab1_msgs/package.sh'
[1.669s] INFO:colcon.colcon_core.shell:Creating package script '/home/felipe/Desktop/Robotica_Proy/CargaBot/ROS2_Software/ros2_ws/install/lab1_msgs/share/lab1_msgs/package.bash'
[1.670s] INFO:colcon.colcon_core.shell:Creating package script '/home/felipe/Desktop/Robotica_Proy/CargaBot/ROS2_Software/ros2_ws/install/lab1_msgs/share/lab1_msgs/package.zsh'
[1.671s] Level 1:colcon.colcon_core.environment:create_file_with_runtime_dependencies(/home/felipe/Desktop/Robotica_Proy/CargaBot/ROS2_Software/ros2_ws/install/lab1_msgs/share/colcon-core/packages/lab1_msgs)
[1.672s] Level 1:colcon.colcon_core.environment:create_environment_scripts_only(lab1_msgs)
[1.672s] Level 1:colcon.colcon_core.environment:checking '/home/felipe/Desktop/Robotica_Proy/CargaBot/ROS2_Software/ros2_ws/install/lab1_msgs' for CMake module files
[1.674s] Level 1:colcon.colcon_core.environment:checking '/home/felipe/Desktop/Robotica_Proy/CargaBot/ROS2_Software/ros2_ws/install/lab1_msgs' for CMake config files
[1.674s] Level 1:colcon.colcon_core.shell:create_environment_hook('lab1_msgs', 'cmake_prefix_path')
[1.674s] INFO:colcon.colcon_core.shell:Creating environment hook '/home/felipe/Desktop/Robotica_Proy/CargaBot/ROS2_Software/ros2_ws/install/lab1_msgs/share/lab1_msgs/hook/cmake_prefix_path.ps1'
[1.675s] INFO:colcon.colcon_core.shell:Creating environment descriptor '/home/felipe/Desktop/Robotica_Proy/CargaBot/ROS2_Software/ros2_ws/install/lab1_msgs/share/lab1_msgs/hook/cmake_prefix_path.dsv'
[1.676s] INFO:colcon.colcon_core.shell:Creating environment hook '/home/felipe/Desktop/Robotica_Proy/CargaBot/ROS2_Software/ros2_ws/install/lab1_msgs/share/lab1_msgs/hook/cmake_prefix_path.sh'
[1.678s] Level 1:colcon.colcon_core.environment:checking '/home/felipe/Desktop/Robotica_Proy/CargaBot/ROS2_Software/ros2_ws/install/lab1_msgs/lib'
[1.678s] Level 1:colcon.colcon_core.shell:create_environment_hook('lab1_msgs', 'ld_library_path_lib')
[1.679s] INFO:colcon.colcon_core.shell:Creating environment hook '/home/felipe/Desktop/Robotica_Proy/CargaBot/ROS2_Software/ros2_ws/install/lab1_msgs/share/lab1_msgs/hook/ld_library_path_lib.ps1'
[1.680s] INFO:colcon.colcon_core.shell:Creating environment descriptor '/home/felipe/Desktop/Robotica_Proy/CargaBot/ROS2_Software/ros2_ws/install/lab1_msgs/share/lab1_msgs/hook/ld_library_path_lib.dsv'
[1.680s] INFO:colcon.colcon_core.shell:Creating environment hook '/home/felipe/Desktop/Robotica_Proy/CargaBot/ROS2_Software/ros2_ws/install/lab1_msgs/share/lab1_msgs/hook/ld_library_path_lib.sh'
[1.681s] Level 1:colcon.colcon_core.environment:checking '/home/felipe/Desktop/Robotica_Proy/CargaBot/ROS2_Software/ros2_ws/install/lab1_msgs/bin'
[1.681s] Level 1:colcon.colcon_core.environment:checking '/home/felipe/Desktop/Robotica_Proy/CargaBot/ROS2_Software/ros2_ws/install/lab1_msgs/lib/pkgconfig/lab1_msgs.pc'
[1.682s] Level 1:colcon.colcon_core.environment:checking '/home/felipe/Desktop/Robotica_Proy/CargaBot/ROS2_Software/ros2_ws/install/lab1_msgs/lib/python3.12/site-packages'
[1.682s] Level 1:colcon.colcon_core.shell:create_environment_hook('lab1_msgs', 'pythonpath')
[1.683s] INFO:colcon.colcon_core.shell:Creating environment hook '/home/felipe/Desktop/Robotica_Proy/CargaBot/ROS2_Software/ros2_ws/install/lab1_msgs/share/lab1_msgs/hook/pythonpath.ps1'
[1.683s] INFO:colcon.colcon_core.shell:Creating environment descriptor '/home/felipe/Desktop/Robotica_Proy/CargaBot/ROS2_Software/ros2_ws/install/lab1_msgs/share/lab1_msgs/hook/pythonpath.dsv'
[1.684s] INFO:colcon.colcon_core.shell:Creating environment hook '/home/felipe/Desktop/Robotica_Proy/CargaBot/ROS2_Software/ros2_ws/install/lab1_msgs/share/lab1_msgs/hook/pythonpath.sh'
[1.686s] Level 1:colcon.colcon_core.environment:checking '/home/felipe/Desktop/Robotica_Proy/CargaBot/ROS2_Software/ros2_ws/install/lab1_msgs/bin'
[1.686s] INFO:colcon.colcon_core.shell:Creating package script '/home/felipe/Desktop/Robotica_Proy/CargaBot/ROS2_Software/ros2_ws/install/lab1_msgs/share/lab1_msgs/package.ps1'
[1.687s] INFO:colcon.colcon_core.shell:Creating package descriptor '/home/felipe/Desktop/Robotica_Proy/CargaBot/ROS2_Software/ros2_ws/install/lab1_msgs/share/lab1_msgs/package.dsv'
[1.688s] INFO:colcon.colcon_core.shell:Creating package script '/home/felipe/Desktop/Robotica_Proy/CargaBot/ROS2_Software/ros2_ws/install/lab1_msgs/share/lab1_msgs/package.sh'
[1.689s] INFO:colcon.colcon_core.shell:Creating package script '/home/felipe/Desktop/Robotica_Proy/CargaBot/ROS2_Software/ros2_ws/install/lab1_msgs/share/lab1_msgs/package.bash'
[1.690s] INFO:colcon.colcon_core.shell:Creating package script '/home/felipe/Desktop/Robotica_Proy/CargaBot/ROS2_Software/ros2_ws/install/lab1_msgs/share/lab1_msgs/package.zsh'
[1.691s] Level 1:colcon.colcon_core.environment:create_file_with_runtime_dependencies(/home/felipe/Desktop/Robotica_Proy/CargaBot/ROS2_Software/ros2_ws/install/lab1_msgs/share/colcon-core/packages/lab1_msgs)
[1.691s] INFO:colcon.colcon_ros.task.ament_python.build:Building ROS package in '/home/felipe/Desktop/Robotica_Proy/CargaBot/ROS2_Software/ros2_ws/src/lab1_py_pkg' with build type 'ament_python'
[1.691s] Level 1:colcon.colcon_core.shell:create_environment_hook('lab1_py_pkg', 'ament_prefix_path')
[1.692s] INFO:colcon.colcon_core.shell:Creating environment hook '/home/felipe/Desktop/Robotica_Proy/CargaBot/ROS2_Software/ros2_ws/install/lab1_py_pkg/share/lab1_py_pkg/hook/ament_prefix_path.ps1'
[1.693s] INFO:colcon.colcon_core.shell:Creating environment descriptor '/home/felipe/Desktop/Robotica_Proy/CargaBot/ROS2_Software/ros2_ws/install/lab1_py_pkg/share/lab1_py_pkg/hook/ament_prefix_path.dsv'
[1.694s] INFO:colcon.colcon_core.shell:Creating environment hook '/home/felipe/Desktop/Robotica_Proy/CargaBot/ROS2_Software/ros2_ws/install/lab1_py_pkg/share/lab1_py_pkg/hook/ament_prefix_path.sh'
[1.695s] INFO:colcon.colcon_core.shell:Skip shell extension 'powershell' for command environment: Not usable outside of PowerShell
[1.695s] DEBUG:colcon.colcon_core.shell:Skip shell extension 'dsv' for command environment
[2.223s] INFO:colcon.colcon_core.task.python.build:Building Python package in '/home/felipe/Desktop/Robotica_Proy/CargaBot/ROS2_Software/ros2_ws/src/lab1_py_pkg'
[2.223s] INFO:colcon.colcon_core.shell:Skip shell extension 'powershell' for command environment: Not usable outside of PowerShell
[2.224s] DEBUG:colcon.colcon_core.shell:Skip shell extension 'dsv' for command environment
[3.727s] DEBUG:colcon.colcon_core.event_handler.log_command:Invoking command in '/home/felipe/Desktop/Robotica_Proy/CargaBot/ROS2_Software/ros2_ws/src/lab1_py_pkg': DEBUGINFOD_URLS=https://debuginfod.ubuntu.com LD_LIBRARY_PATH=/home/felipe/Desktop/Robotica_Proy/CargaBot/ROS2_Software/ros2_ws/install/lab1_msgs/lib:/opt/ros/jazzy/opt/sdformat_vendor/lib:/opt/ros/jazzy/opt/rviz_ogre_vendor/lib:/opt/ros/jazzy/lib/x86_64-linux-gnu:/opt/ros/jazzy/opt/gz_math_vendor/lib:/opt/ros/jazzy/opt/gz_utils_vendor/lib:/opt/ros/jazzy/opt/gz_tools_vendor/lib:/opt/ros/jazzy/opt/gz_cmake_vendor/lib:/opt/ros/jazzy/lib PYTHONPATH=/home/felipe/Desktop/Robotica_Proy/CargaBot/ROS2_Software/ros2_ws/build/lab1_py_pkg/prefix_override:/usr/lib/python3/dist-packages/colcon_core/task/python/colcon_distutils_commands:/home/felipe/Desktop/Robotica_Proy/CargaBot/ROS2_Software/ros2_ws/install/lab1_py_pkg/lib/python3.12/site-packages:/home/felipe/Desktop/Robotica_Proy/CargaBot/ROS2_Software/ros2_ws/install/lab1_msgs/lib/python3.12/site-packages:/home/felipe/Desktop/Robotica_Proy/CargaBot/ROS2_Software/ros2_ws/install/lab1_py_pkg/lib/python3.12/site-packages:/opt/ros/jazzy/lib/python3.12/site-packages /usr/bin/python3 -W ignore:setup.py install is deprecated -W ignore:easy_install command is deprecated setup.py egg_info --egg-base ../../build/lab1_py_pkg build --build-base /home/felipe/Desktop/Robotica_Proy/CargaBot/ROS2_Software/ros2_ws/build/lab1_py_pkg/build install --record /home/felipe/Desktop/Robotica_Proy/CargaBot/ROS2_Software/ros2_ws/build/lab1_py_pkg/install.log --single-version-externally-managed install_data
[4.989s] Level 1:colcon.colcon_core.environment:checking '/home/felipe/Desktop/Robotica_Proy/CargaBot/ROS2_Software/ros2_ws/install/lab1_py_pkg' for CMake module files
[4.990s] DEBUG:colcon.colcon_core.event_handler.log_command:Invoked command in '/home/felipe/Desktop/Robotica_Proy/CargaBot/ROS2_Software/ros2_ws/src/lab1_py_pkg' returned '0': DEBUGINFOD_URLS=https://debuginfod.ubuntu.com LD_LIBRARY_PATH=/home/felipe/Desktop/Robotica_Proy/CargaBot/ROS2_Software/ros2_ws/install/lab1_msgs/lib:/opt/ros/jazzy/opt/sdformat_vendor/lib:/opt/ros/jazzy/opt/rviz_ogre_vendor/lib:/opt/ros/jazzy/lib/x86_64-linux-gnu:/opt/ros/jazzy/opt/gz_math_vendor/lib:/opt/ros/jazzy/opt/gz_utils_vendor/lib:/opt/ros/jazzy/opt/gz_tools_vendor/lib:/opt/ros/jazzy/opt/gz_cmake_vendor/lib:/opt/ros/jazzy/lib PYTHONPATH=/home/felipe/Desktop/Robotica_Proy/CargaBot/ROS2_Software/ros2_ws/build/lab1_py_pkg/prefix_override:/usr/lib/python3/dist-packages/colcon_core/task/python/colcon_distutils_commands:/home/felipe/Desktop/Robotica_Proy/CargaBot/ROS2_Software/ros2_ws/install/lab1_py_pkg/lib/python3.12/site-packages:/home/felipe/Desktop/Robotica_Proy/CargaBot/ROS2_Software/ros2_ws/install/lab1_msgs/lib/python3.12/site-packages:/home/felipe/Desktop/Robotica_Proy/CargaBot/ROS2_Software/ros2_ws/install/lab1_py_pkg/lib/python3.12/site-packages:/opt/ros/jazzy/lib/python3.12/site-packages /usr/bin/python3 -W ignore:setup.py install is deprecated -W ignore:easy_install command is deprecated setup.py egg_info --egg-base ../../build/lab1_py_pkg build --build-base /home/felipe/Desktop/Robotica_Proy/CargaBot/ROS2_Software/ros2_ws/build/lab1_py_pkg/build install --record /home/felipe/Desktop/Robotica_Proy/CargaBot/ROS2_Software/ros2_ws/build/lab1_py_pkg/install.log --single-version-externally-managed install_data
[4.991s] Level 1:colcon.colcon_core.environment:checking '/home/felipe/Desktop/Robotica_Proy/CargaBot/ROS2_Software/ros2_ws/install/lab1_py_pkg' for CMake config files
[4.992s] Level 1:colcon.colcon_core.environment:checking '/home/felipe/Desktop/Robotica_Proy/CargaBot/ROS2_Software/ros2_ws/install/lab1_py_pkg/lib'
[4.992s] Level 1:colcon.colcon_core.environment:checking '/home/felipe/Desktop/Robotica_Proy/CargaBot/ROS2_Software/ros2_ws/install/lab1_py_pkg/bin'
[4.993s] Level 1:colcon.colcon_core.environment:checking '/home/felipe/Desktop/Robotica_Proy/CargaBot/ROS2_Software/ros2_ws/install/lab1_py_pkg/lib/pkgconfig/lab1_py_pkg.pc'
[4.993s] Level 1:colcon.colcon_core.environment:checking '/home/felipe/Desktop/Robotica_Proy/CargaBot/ROS2_Software/ros2_ws/install/lab1_py_pkg/lib/python3.12/site-packages'
[4.994s] Level 1:colcon.colcon_core.shell:create_environment_hook('lab1_py_pkg', 'pythonpath')
[4.994s] INFO:colcon.colcon_core.shell:Creating environment hook '/home/felipe/Desktop/Robotica_Proy/CargaBot/ROS2_Software/ros2_ws/install/lab1_py_pkg/share/lab1_py_pkg/hook/pythonpath.ps1'
[4.995s] INFO:colcon.colcon_core.shell:Creating environment descriptor '/home/felipe/Desktop/Robotica_Proy/CargaBot/ROS2_Software/ros2_ws/install/lab1_py_pkg/share/lab1_py_pkg/hook/pythonpath.dsv'
[4.995s] INFO:colcon.colcon_core.shell:Creating environment hook '/home/felipe/Desktop/Robotica_Proy/CargaBot/ROS2_Software/ros2_ws/install/lab1_py_pkg/share/lab1_py_pkg/hook/pythonpath.sh'
[4.997s] Level 1:colcon.colcon_core.environment:checking '/home/felipe/Desktop/Robotica_Proy/CargaBot/ROS2_Software/ros2_ws/install/lab1_py_pkg/bin'
[4.997s] Level 1:colcon.colcon_core.environment:create_environment_scripts_only(lab1_py_pkg)
[4.997s] INFO:colcon.colcon_core.shell:Creating package script '/home/felipe/Desktop/Robotica_Proy/CargaBot/ROS2_Software/ros2_ws/install/lab1_py_pkg/share/lab1_py_pkg/package.ps1'
[4.998s] INFO:colcon.colcon_core.shell:Creating package descriptor '/home/felipe/Desktop/Robotica_Proy/CargaBot/ROS2_Software/ros2_ws/install/lab1_py_pkg/share/lab1_py_pkg/package.dsv'
[4.999s] INFO:colcon.colcon_core.shell:Creating package script '/home/felipe/Desktop/Robotica_Proy/CargaBot/ROS2_Software/ros2_ws/install/lab1_py_pkg/share/lab1_py_pkg/package.sh'
[5.000s] INFO:colcon.colcon_core.shell:Creating package script '/home/felipe/Desktop/Robotica_Proy/CargaBot/ROS2_Software/ros2_ws/install/lab1_py_pkg/share/lab1_py_pkg/package.bash'
[5.000s] INFO:colcon.colcon_core.shell:Creating package script '/home/felipe/Desktop/Robotica_Proy/CargaBot/ROS2_Software/ros2_ws/install/lab1_py_pkg/share/lab1_py_pkg/package.zsh'
[5.001s] Level 1:colcon.colcon_core.environment:create_file_with_runtime_dependencies(/home/felipe/Desktop/Robotica_Proy/CargaBot/ROS2_Software/ros2_ws/install/lab1_py_pkg/share/colcon-core/packages/lab1_py_pkg)
[5.001s] DEBUG:colcon.colcon_parallel_executor.executor.parallel:closing loop
[5.002s] DEBUG:colcon.colcon_parallel_executor.executor.parallel:loop closed
[5.002s] DEBUG:colcon.colcon_parallel_executor.executor.parallel:run_until_complete finished with '0'
[5.002s] DEBUG:colcon.colcon_core.event_reactor:joining thread
[5.012s] INFO:colcon.colcon_core.plugin_system:Skipping extension 'colcon_notification.desktop_notification.terminal_notifier': Not used on non-Darwin systems
[5.012s] INFO:colcon.colcon_core.plugin_system:Skipping extension 'colcon_notification.desktop_notification.win32': Not used on non-Windows systems
[5.012s] INFO:colcon.colcon_notification.desktop_notification:Sending desktop notification using 'notify2'
[5.041s] DEBUG:colcon.colcon_core.event_reactor:joined thread
[5.041s] INFO:colcon.colcon_core.shell:Creating prefix script '/home/felipe/Desktop/Robotica_Proy/CargaBot/ROS2_Software/ros2_ws/install/local_setup.ps1'
[5.043s] INFO:colcon.colcon_core.shell:Creating prefix util module '/home/felipe/Desktop/Robotica_Proy/CargaBot/ROS2_Software/ros2_ws/install/_local_setup_util_ps1.py'
[5.045s] INFO:colcon.colcon_core.shell:Creating prefix chain script '/home/felipe/Desktop/Robotica_Proy/CargaBot/ROS2_Software/ros2_ws/install/setup.ps1'
[5.046s] INFO:colcon.colcon_core.shell:Creating prefix script '/home/felipe/Desktop/Robotica_Proy/CargaBot/ROS2_Software/ros2_ws/install/local_setup.sh'
[5.047s] INFO:colcon.colcon_core.shell:Creating prefix util module '/home/felipe/Desktop/Robotica_Proy/CargaBot/ROS2_Software/ros2_ws/install/_local_setup_util_sh.py'
[5.048s] INFO:colcon.colcon_core.shell:Creating prefix chain script '/home/felipe/Desktop/Robotica_Proy/CargaBot/ROS2_Software/ros2_ws/install/setup.sh'
[5.050s] INFO:colcon.colcon_core.shell:Creating prefix script '/home/felipe/Desktop/Robotica_Proy/CargaBot/ROS2_Software/ros2_ws/install/local_setup.bash'
[5.051s] INFO:colcon.colcon_core.shell:Creating prefix chain script '/home/felipe/Desktop/Robotica_Proy/CargaBot/ROS2_Software/ros2_ws/install/setup.bash'
[5.053s] INFO:colcon.colcon_core.shell:Creating prefix script '/home/felipe/Desktop/Robotica_Proy/CargaBot/ROS2_Software/ros2_ws/install/local_setup.zsh'
[5.053s] INFO:colcon.colcon_core.shell:Creating prefix chain script '/home/felipe/Desktop/Robotica_Proy/CargaBot/ROS2_Software/ros2_ws/install/setup.zsh'
