[0.226s] DEBUG:colcon:Command line arguments: ['/usr/bin/colcon', 'build']
[0.226s] DEBUG:colcon:Parsed command line arguments: Namespace(log_base=None, log_level=None, verb_name='build', build_base='build', install_base='install', merge_install=False, symlink_install=False, test_result_base=None, continue_on_error=False, executor='parallel', parallel_workers=16, event_handlers=None, ignore_user_meta=False, metas=['./colcon.meta'], base_paths=['.'], packages_ignore=None, packages_ignore_regex=None, paths=None, packages_up_to=None, packages_up_to_regex=None, packages_above=None, packages_above_and_dependencies=None, packages_above_depth=None, packages_select_by_dep=None, packages_skip_by_dep=None, packages_skip_up_to=None, packages_select_build_failed=False, packages_skip_build_finished=False, packages_select_test_failures=False, packages_skip_test_passed=False, packages_select=None, packages_skip=None, packages_select_regex=None, packages_skip_regex=None, packages_start=None, packages_end=None, allow_overriding=[], cmake_args=None, cmake_target=None, cmake_target_skip_unavailable=False, cmake_clean_cache=False, cmake_clean_first=False, cmake_force_configure=False, ament_cmake_args=None, catkin_cmake_args=None, catkin_skip_building_tests=False, mixin_files=None, mixin=None, verb_parser=<colcon_mixin.mixin.mixin_argument.MixinArgumentDecorator object at 0x77cb5bee8350>, verb_extension=<colcon_core.verb.build.BuildVerb object at 0x77cb5be11730>, main=<bound method BuildVerb.main of <colcon_core.verb.build.BuildVerb object at 0x77cb5be11730>>, mixin_verb=('build',))
[0.309s] Level 1:colcon.colcon_core.package_discovery:discover_packages(colcon_meta) check parameters
[0.310s] WARNING:colcon.colcon_metadata.package_discovery.colcon_meta:Skipping metadata file '/home/felipe/Desktop/Robotica_Proy/CargaBot/ROS2_Software/ros2_ws/colcon.meta' since it doesn't contain a dict
[0.310s] Level 1:colcon.colcon_core.package_discovery:discover_packages(recursive) check parameters
[0.310s] Level 1:colcon.colcon_core.package_discovery:discover_packages(ignore) check parameters
[0.310s] Level 1:colcon.colcon_core.package_discovery:discover_packages(path) check parameters
[0.310s] Level 1:colcon.colcon_core.package_discovery:discover_packages(colcon_meta) discover
[0.310s] Level 1:colcon.colcon_core.package_discovery:discover_packages(recursive) discover
[0.310s] INFO:colcon.colcon_core.package_discovery:Crawling recursively for packages in '/home/felipe/Desktop/Robotica_Proy/CargaBot/ROS2_Software/ros2_ws'
[0.310s] Level 1:colcon.colcon_core.package_identification:_identify(.) by extensions ['ignore', 'ignore_ament_install']
[0.311s] Level 1:colcon.colcon_core.package_identification:_identify(.) by extension 'ignore'
[0.311s] Level 1:colcon.colcon_core.package_identification:_identify(.) by extension 'ignore_ament_install'
[0.311s] Level 1:colcon.colcon_core.package_identification:_identify(.) by extensions ['colcon_pkg']
[0.311s] Level 1:colcon.colcon_core.package_identification:_identify(.) by extension 'colcon_pkg'
[0.311s] Level 1:colcon.colcon_core.package_identification:_identify(.) by extensions ['colcon_meta']
[0.311s] Level 1:colcon.colcon_core.package_identification:_identify(.) by extension 'colcon_meta'
[0.311s] Level 1:colcon.colcon_core.package_identification:_identify(.) by extensions ['ros']
[0.311s] Level 1:colcon.colcon_core.package_identification:_identify(.) by extension 'ros'
[0.369s] Level 1:colcon.colcon_core.package_identification:_identify(.) by extensions ['cmake', 'python']
[0.369s] Level 1:colcon.colcon_core.package_identification:_identify(.) by extension 'cmake'
[0.369s] Level 1:colcon.colcon_core.package_identification:_identify(.) by extension 'python'
[0.369s] Level 1:colcon.colcon_core.package_identification:_identify(.) by extensions ['python_setup_py']
[0.369s] Level 1:colcon.colcon_core.package_identification:_identify(.) by extension 'python_setup_py'
[0.370s] Level 1:colcon.colcon_core.package_identification:_identify(build) by extensions ['ignore', 'ignore_ament_install']
[0.370s] Level 1:colcon.colcon_core.package_identification:_identify(build) by extension 'ignore'
[0.370s] Level 1:colcon.colcon_core.package_identification:_identify(build) ignored
[0.370s] Level 1:colcon.colcon_core.package_identification:_identify(install) by extensions ['ignore', 'ignore_ament_install']
[0.370s] Level 1:colcon.colcon_core.package_identification:_identify(install) by extension 'ignore'
[0.370s] Level 1:colcon.colcon_core.package_identification:_identify(install) ignored
[0.371s] Level 1:colcon.colcon_core.package_identification:_identify(log) by extensions ['ignore', 'ignore_ament_install']
[0.371s] Level 1:colcon.colcon_core.package_identification:_identify(log) by extension 'ignore'
[0.371s] Level 1:colcon.colcon_core.package_identification:_identify(log) ignored
[0.371s] Level 1:colcon.colcon_core.package_identification:_identify(src) by extensions ['ignore', 'ignore_ament_install']
[0.371s] Level 1:colcon.colcon_core.package_identification:_identify(src) by extension 'ignore'
[0.371s] Level 1:colcon.colcon_core.package_identification:_identify(src) by extension 'ignore_ament_install'
[0.371s] Level 1:colcon.colcon_core.package_identification:_identify(src) by extensions ['colcon_pkg']
[0.371s] Level 1:colcon.colcon_core.package_identification:_identify(src) by extension 'colcon_pkg'
[0.371s] Level 1:colcon.colcon_core.package_identification:_identify(src) by extensions ['colcon_meta']
[0.371s] Level 1:colcon.colcon_core.package_identification:_identify(src) by extension 'colcon_meta'
[0.372s] Level 1:colcon.colcon_core.package_identification:_identify(src) by extensions ['ros']
[0.372s] Level 1:colcon.colcon_core.package_identification:_identify(src) by extension 'ros'
[0.372s] Level 1:colcon.colcon_core.package_identification:_identify(src) by extensions ['cmake', 'python']
[0.372s] Level 1:colcon.colcon_core.package_identification:_identify(src) by extension 'cmake'
[0.372s] Level 1:colcon.colcon_core.package_identification:_identify(src) by extension 'python'
[0.372s] Level 1:colcon.colcon_core.package_identification:_identify(src) by extensions ['python_setup_py']
[0.372s] Level 1:colcon.colcon_core.package_identification:_identify(src) by extension 'python_setup_py'
[0.372s] Level 1:colcon.colcon_core.package_identification:_identify(src/lab1_msgs) by extensions ['ignore', 'ignore_ament_install']
[0.372s] Level 1:colcon.colcon_core.package_identification:_identify(src/lab1_msgs) by extension 'ignore'
[0.372s] Level 1:colcon.colcon_core.package_identification:_identify(src/lab1_msgs) by extension 'ignore_ament_install'
[0.372s] Level 1:colcon.colcon_core.package_identification:_identify(src/lab1_msgs) by extensions ['colcon_pkg']
[0.372s] Level 1:colcon.colcon_core.package_identification:_identify(src/lab1_msgs) by extension 'colcon_pkg'
[0.373s] Level 1:colcon.colcon_core.package_identification:_identify(src/lab1_msgs) by extensions ['colcon_meta']
[0.373s] Level 1:colcon.colcon_core.package_identification:_identify(src/lab1_msgs) by extension 'colcon_meta'
[0.373s] Level 1:colcon.colcon_core.package_identification:_identify(src/lab1_msgs) by extensions ['ros']
[0.373s] Level 1:colcon.colcon_core.package_identification:_identify(src/lab1_msgs) by extension 'ros'
[0.378s] DEBUG:colcon.colcon_core.package_identification:Package 'src/lab1_msgs' with type 'ros.ament_cmake' and name 'lab1_msgs'
[0.378s] Level 1:colcon.colcon_core.package_identification:_identify(src/lab1_py_pkg) by extensions ['ignore', 'ignore_ament_install']
[0.378s] Level 1:colcon.colcon_core.package_identification:_identify(src/lab1_py_pkg) by extension 'ignore'
[0.378s] Level 1:colcon.colcon_core.package_identification:_identify(src/lab1_py_pkg) by extension 'ignore_ament_install'
[0.378s] Level 1:colcon.colcon_core.package_identification:_identify(src/lab1_py_pkg) by extensions ['colcon_pkg']
[0.378s] Level 1:colcon.colcon_core.package_identification:_identify(src/lab1_py_pkg) by extension 'colcon_pkg'
[0.378s] Level 1:colcon.colcon_core.package_identification:_identify(src/lab1_py_pkg) by extensions ['colcon_meta']
[0.378s] Level 1:colcon.colcon_core.package_identification:_identify(src/lab1_py_pkg) by extension 'colcon_meta'
[0.379s] Level 1:colcon.colcon_core.package_identification:_identify(src/lab1_py_pkg) by extensions ['ros']
[0.379s] Level 1:colcon.colcon_core.package_identification:_identify(src/lab1_py_pkg) by extension 'ros'
[0.380s] DEBUG:colcon.colcon_core.package_identification:Package 'src/lab1_py_pkg' with type 'ros.ament_python' and name 'lab1_py_pkg'
[0.380s] Level 1:colcon.colcon_core.package_discovery:discover_packages(recursive) using defaults
[0.380s] Level 1:colcon.colcon_core.package_discovery:discover_packages(ignore) discover
[0.380s] Level 1:colcon.colcon_core.package_discovery:discover_packages(ignore) using defaults
[0.380s] Level 1:colcon.colcon_core.package_discovery:discover_packages(path) discover
[0.380s] Level 1:colcon.colcon_core.package_discovery:discover_packages(path) using defaults
[0.416s] Level 1:colcon.colcon_core.package_discovery:discover_packages(prefix_path) check parameters
[0.417s] Level 1:colcon.colcon_core.package_discovery:discover_packages(prefix_path) discover
[0.420s] DEBUG:colcon.colcon_installed_package_information.package_discovery:Found 2 installed packages in /home/felipe/Desktop/Robotica_Proy/CargaBot/ROS2_Software/ros2_ws/install
[0.421s] DEBUG:colcon.colcon_installed_package_information.package_discovery:Found 1 installed packages in /home/felipe/ros2_ws/install
[0.424s] DEBUG:colcon.colcon_installed_package_information.package_discovery:Found 251 installed packages in /opt/ros/jazzy
[0.427s] Level 1:colcon.colcon_core.package_discovery:discover_packages(prefix_path) using defaults
[0.491s] Level 5:colcon.colcon_core.verb:set package 'lab1_msgs' build argument 'cmake_args' from command line to 'None'
[0.491s] Level 5:colcon.colcon_core.verb:set package 'lab1_msgs' build argument 'cmake_target' from command line to 'None'
[0.491s] Level 5:colcon.colcon_core.verb:set package 'lab1_msgs' build argument 'cmake_target_skip_unavailable' from command line to 'False'
[0.491s] Level 5:colcon.colcon_core.verb:set package 'lab1_msgs' build argument 'cmake_clean_cache' from command line to 'False'
[0.491s] Level 5:colcon.colcon_core.verb:set package 'lab1_msgs' build argument 'cmake_clean_first' from command line to 'False'
[0.491s] Level 5:colcon.colcon_core.verb:set package 'lab1_msgs' build argument 'cmake_force_configure' from command line to 'False'
[0.491s] Level 5:colcon.colcon_core.verb:set package 'lab1_msgs' build argument 'ament_cmake_args' from command line to 'None'
[0.491s] Level 5:colcon.colcon_core.verb:set package 'lab1_msgs' build argument 'catkin_cmake_args' from command line to 'None'
[0.491s] Level 5:colcon.colcon_core.verb:set package 'lab1_msgs' build argument 'catkin_skip_building_tests' from command line to 'False'
[0.491s] DEBUG:colcon.colcon_core.verb:Building package 'lab1_msgs' with the following arguments: {'ament_cmake_args': None, 'build_base': '/home/felipe/Desktop/Robotica_Proy/CargaBot/ROS2_Software/ros2_ws/build/lab1_msgs', 'catkin_cmake_args': None, 'catkin_skip_building_tests': False, 'cmake_args': None, 'cmake_clean_cache': False, 'cmake_clean_first': False, 'cmake_force_configure': False, 'cmake_target': None, 'cmake_target_skip_unavailable': False, 'install_base': '/home/felipe/Desktop/Robotica_Proy/CargaBot/ROS2_Software/ros2_ws/install/lab1_msgs', 'merge_install': False, 'path': '/home/felipe/Desktop/Robotica_Proy/CargaBot/ROS2_Software/ros2_ws/src/lab1_msgs', 'symlink_install': False, 'test_result_base': None}
[0.492s] Level 5:colcon.colcon_core.verb:set package 'lab1_py_pkg' build argument 'cmake_args' from command line to 'None'
[0.492s] Level 5:colcon.colcon_core.verb:set package 'lab1_py_pkg' build argument 'cmake_target' from command line to 'None'
[0.492s] Level 5:colcon.colcon_core.verb:set package 'lab1_py_pkg' build argument 'cmake_target_skip_unavailable' from command line to 'False'
[0.492s] Level 5:colcon.colcon_core.verb:set package 'lab1_py_pkg' build argument 'cmake_clean_cache' from command line to 'False'
[0.492s] Level 5:colcon.colcon_core.verb:set package 'lab1_py_pkg' build argument 'cmake_clean_first' from command line to 'False'
[0.492s] Level 5:colcon.colcon_core.verb:set package 'lab1_py_pkg' build argument 'cmake_force_configure' from command line to 'False'
[0.492s] Level 5:colcon.colcon_core.verb:set package 'lab1_py_pkg' build argument 'ament_cmake_args' from command line to 'None'
[0.492s] Level 5:colcon.colcon_core.verb:set package 'lab1_py_pkg' build argument 'catkin_cmake_args' from command line to 'None'
[0.492s] Level 5:colcon.colcon_core.verb:set package 'lab1_py_pkg' build argument 'catkin_skip_building_tests' from command line to 'False'
[0.492s] DEBUG:colcon.colcon_core.verb:Building package 'lab1_py_pkg' with the following arguments: {'ament_cmake_args': None, 'build_base': '/home/felipe/Desktop/Robotica_Proy/CargaBot/ROS2_Software/ros2_ws/build/lab1_py_pkg', 'catkin_cmake_args': None, 'catkin_skip_building_tests': False, 'cmake_args': None, 'cmake_clean_cache': False, 'cmake_clean_first': False, 'cmake_force_configure': False, 'cmake_target': None, 'cmake_target_skip_unavailable': False, 'install_base': '/home/felipe/Desktop/Robotica_Proy/CargaBot/ROS2_Software/ros2_ws/install/lab1_py_pkg', 'merge_install': False, 'path': '/home/felipe/Desktop/Robotica_Proy/CargaBot/ROS2_Software/ros2_ws/src/lab1_py_pkg', 'symlink_install': False, 'test_result_base': None}
[0.492s] INFO:colcon.colcon_core.executor:Executing jobs using 'parallel' executor
[0.495s] DEBUG:colcon.colcon_parallel_executor.executor.parallel:run_until_complete
[0.495s] INFO:colcon.colcon_ros.task.ament_cmake.build:Building ROS package in '/home/felipe/Desktop/Robotica_Proy/CargaBot/ROS2_Software/ros2_ws/src/lab1_msgs' with build type 'ament_cmake'
[0.496s] INFO:colcon.colcon_cmake.task.cmake.build:Building CMake package in '/home/felipe/Desktop/Robotica_Proy/CargaBot/ROS2_Software/ros2_ws/src/lab1_msgs'
[0.499s] INFO:colcon.colcon_core.plugin_system:Skipping extension 'colcon_core.shell.bat': Not used on non-Windows systems
[0.500s] INFO:colcon.colcon_core.shell:Skip shell extension 'powershell' for command environment: Not usable outside of PowerShell
[0.500s] DEBUG:colcon.colcon_core.shell:Skip shell extension 'dsv' for command environment
[0.522s] DEBUG:colcon.colcon_core.event_handler.log_command:Invoking command in '/home/felipe/Desktop/Robotica_Proy/CargaBot/ROS2_Software/ros2_ws/build/lab1_msgs': CMAKE_PREFIX_PATH=${CMAKE_PREFIX_PATH}:/home/felipe/Desktop/Robotica_Proy/CargaBot/ROS2_Software/ros2_ws/install/lab1_py_pkg:/home/felipe/Desktop/Robotica_Proy/CargaBot/ROS2_Software/ros2_ws/install/lab1_msgs:/opt/ros/jazzy DEBUGINFOD_URLS=https://debuginfod.ubuntu.com /usr/bin/cmake --build /home/felipe/Desktop/Robotica_Proy/CargaBot/ROS2_Software/ros2_ws/build/lab1_msgs -- -j16 -l16
[1.515s] DEBUG:colcon.colcon_core.event_handler.log_command:Invoked command in '/home/felipe/Desktop/Robotica_Proy/CargaBot/ROS2_Software/ros2_ws/build/lab1_msgs' returned '0': CMAKE_PREFIX_PATH=${CMAKE_PREFIX_PATH}:/home/felipe/Desktop/Robotica_Proy/CargaBot/ROS2_Software/ros2_ws/install/lab1_py_pkg:/home/felipe/Desktop/Robotica_Proy/CargaBot/ROS2_Software/ros2_ws/install/lab1_msgs:/opt/ros/jazzy DEBUGINFOD_URLS=https://debuginfod.ubuntu.com /usr/bin/cmake --build /home/felipe/Desktop/Robotica_Proy/CargaBot/ROS2_Software/ros2_ws/build/lab1_msgs -- -j16 -l16
[1.540s] DEBUG:colcon.colcon_core.event_handler.log_command:Invoking command in '/home/felipe/Desktop/Robotica_Proy/CargaBot/ROS2_Software/ros2_ws/build/lab1_msgs': CMAKE_PREFIX_PATH=${CMAKE_PREFIX_PATH}:/home/felipe/Desktop/Robotica_Proy/CargaBot/ROS2_Software/ros2_ws/install/lab1_py_pkg:/home/felipe/Desktop/Robotica_Proy/CargaBot/ROS2_Software/ros2_ws/install/lab1_msgs:/opt/ros/jazzy DEBUGINFOD_URLS=https://debuginfod.ubuntu.com /usr/bin/cmake --install /home/felipe/Desktop/Robotica_Proy/CargaBot/ROS2_Software/ros2_ws/build/lab1_msgs
[1.682s] Level 1:colcon.colcon_core.environment:create_environment_scripts_only(lab1_msgs)
[1.683s] DEBUG:colcon.colcon_core.event_handler.log_command:Invoked command in '/home/felipe/Desktop/Robotica_Proy/CargaBot/ROS2_Software/ros2_ws/build/lab1_msgs' returned '0': CMAKE_PREFIX_PATH=${CMAKE_PREFIX_PATH}:/home/felipe/Desktop/Robotica_Proy/CargaBot/ROS2_Software/ros2_ws/install/lab1_py_pkg:/home/felipe/Desktop/Robotica_Proy/CargaBot/ROS2_Software/ros2_ws/install/lab1_msgs:/opt/ros/jazzy DEBUGINFOD_URLS=https://debuginfod.ubuntu.com /usr/bin/cmake --install /home/felipe/Desktop/Robotica_Proy/CargaBot/ROS2_Software/ros2_ws/build/lab1_msgs
[1.686s] Level 1:colcon.colcon_core.environment:checking '/home/felipe/Desktop/Robotica_Proy/CargaBot/ROS2_Software/ros2_ws/install/lab1_msgs' for CMake module files
[1.687s] Level 1:colcon.colcon_core.environment:checking '/home/felipe/Desktop/Robotica_Proy/CargaBot/ROS2_Software/ros2_ws/install/lab1_msgs' for CMake config files
[1.687s] Level 1:colcon.colcon_core.shell:create_environment_hook('lab1_msgs', 'cmake_prefix_path')
[1.687s] INFO:colcon.colcon_core.shell:Creating environment hook '/home/felipe/Desktop/Robotica_Proy/CargaBot/ROS2_Software/ros2_ws/install/lab1_msgs/share/lab1_msgs/hook/cmake_prefix_path.ps1'
[1.689s] INFO:colcon.colcon_core.shell:Creating environment descriptor '/home/felipe/Desktop/Robotica_Proy/CargaBot/ROS2_Software/ros2_ws/install/lab1_msgs/share/lab1_msgs/hook/cmake_prefix_path.dsv'
[1.690s] INFO:colcon.colcon_core.shell:Creating environment hook '/home/felipe/Desktop/Robotica_Proy/CargaBot/ROS2_Software/ros2_ws/install/lab1_msgs/share/lab1_msgs/hook/cmake_prefix_path.sh'
[1.691s] Level 1:colcon.colcon_core.environment:checking '/home/felipe/Desktop/Robotica_Proy/CargaBot/ROS2_Software/ros2_ws/install/lab1_msgs/lib'
[1.692s] Level 1:colcon.colcon_core.shell:create_environment_hook('lab1_msgs', 'ld_library_path_lib')
[1.692s] INFO:colcon.colcon_core.shell:Creating environment hook '/home/felipe/Desktop/Robotica_Proy/CargaBot/ROS2_Software/ros2_ws/install/lab1_msgs/share/lab1_msgs/hook/ld_library_path_lib.ps1'
[1.693s] INFO:colcon.colcon_core.shell:Creating environment descriptor '/home/felipe/Desktop/Robotica_Proy/CargaBot/ROS2_Software/ros2_ws/install/lab1_msgs/share/lab1_msgs/hook/ld_library_path_lib.dsv'
[1.693s] INFO:colcon.colcon_core.shell:Creating environment hook '/home/felipe/Desktop/Robotica_Proy/CargaBot/ROS2_Software/ros2_ws/install/lab1_msgs/share/lab1_msgs/hook/ld_library_path_lib.sh'
[1.694s] Level 1:colcon.colcon_core.environment:checking '/home/felipe/Desktop/Robotica_Proy/CargaBot/ROS2_Software/ros2_ws/install/lab1_msgs/bin'
[1.694s] Level 1:colcon.colcon_core.environment:checking '/home/felipe/Desktop/Robotica_Proy/CargaBot/ROS2_Software/ros2_ws/install/lab1_msgs/lib/pkgconfig/lab1_msgs.pc'
[1.695s] Level 1:colcon.colcon_core.environment:checking '/home/felipe/Desktop/Robotica_Proy/CargaBot/ROS2_Software/ros2_ws/install/lab1_msgs/lib/python3.12/site-packages'
[1.695s] Level 1:colcon.colcon_core.shell:create_environment_hook('lab1_msgs', 'pythonpath')
[1.695s] INFO:colcon.colcon_core.shell:Creating environment hook '/home/felipe/Desktop/Robotica_Proy/CargaBot/ROS2_Software/ros2_ws/install/lab1_msgs/share/lab1_msgs/hook/pythonpath.ps1'
[1.696s] INFO:colcon.colcon_core.shell:Creating environment descriptor '/home/felipe/Desktop/Robotica_Proy/CargaBot/ROS2_Software/ros2_ws/install/lab1_msgs/share/lab1_msgs/hook/pythonpath.dsv'
[1.697s] INFO:colcon.colcon_core.shell:Creating environment hook '/home/felipe/Desktop/Robotica_Proy/CargaBot/ROS2_Software/ros2_ws/install/lab1_msgs/share/lab1_msgs/hook/pythonpath.sh'
[1.698s] Level 1:colcon.colcon_core.environment:checking '/home/felipe/Desktop/Robotica_Proy/CargaBot/ROS2_Software/ros2_ws/install/lab1_msgs/bin'
[1.699s] INFO:colcon.colcon_core.shell:Creating package script '/home/felipe/Desktop/Robotica_Proy/CargaBot/ROS2_Software/ros2_ws/install/lab1_msgs/share/lab1_msgs/package.ps1'
[1.700s] INFO:colcon.colcon_core.shell:Creating package descriptor '/home/felipe/Desktop/Robotica_Proy/CargaBot/ROS2_Software/ros2_ws/install/lab1_msgs/share/lab1_msgs/package.dsv'
[1.701s] INFO:colcon.colcon_core.shell:Creating package script '/home/felipe/Desktop/Robotica_Proy/CargaBot/ROS2_Software/ros2_ws/install/lab1_msgs/share/lab1_msgs/package.sh'
[1.703s] INFO:colcon.colcon_core.shell:Creating package script '/home/felipe/Desktop/Robotica_Proy/CargaBot/ROS2_Software/ros2_ws/install/lab1_msgs/share/lab1_msgs/package.bash'
[1.704s] INFO:colcon.colcon_core.shell:Creating package script '/home/felipe/Desktop/Robotica_Proy/CargaBot/ROS2_Software/ros2_ws/install/lab1_msgs/share/lab1_msgs/package.zsh'
[1.706s] Level 1:colcon.colcon_core.environment:create_file_with_runtime_dependencies(/home/felipe/Desktop/Robotica_Proy/CargaBot/ROS2_Software/ros2_ws/install/lab1_msgs/share/colcon-core/packages/lab1_msgs)
[1.708s] Level 1:colcon.colcon_core.environment:create_environment_scripts_only(lab1_msgs)
[1.708s] Level 1:colcon.colcon_core.environment:checking '/home/felipe/Desktop/Robotica_Proy/CargaBot/ROS2_Software/ros2_ws/install/lab1_msgs' for CMake module files
[1.709s] Level 1:colcon.colcon_core.environment:checking '/home/felipe/Desktop/Robotica_Proy/CargaBot/ROS2_Software/ros2_ws/install/lab1_msgs' for CMake config files
[1.710s] Level 1:colcon.colcon_core.shell:create_environment_hook('lab1_msgs', 'cmake_prefix_path')
[1.710s] INFO:colcon.colcon_core.shell:Creating environment hook '/home/felipe/Desktop/Robotica_Proy/CargaBot/ROS2_Software/ros2_ws/install/lab1_msgs/share/lab1_msgs/hook/cmake_prefix_path.ps1'
[1.711s] INFO:colcon.colcon_core.shell:Creating environment descriptor '/home/felipe/Desktop/Robotica_Proy/CargaBot/ROS2_Software/ros2_ws/install/lab1_msgs/share/lab1_msgs/hook/cmake_prefix_path.dsv'
[1.712s] INFO:colcon.colcon_core.shell:Creating environment hook '/home/felipe/Desktop/Robotica_Proy/CargaBot/ROS2_Software/ros2_ws/install/lab1_msgs/share/lab1_msgs/hook/cmake_prefix_path.sh'
[1.714s] Level 1:colcon.colcon_core.environment:checking '/home/felipe/Desktop/Robotica_Proy/CargaBot/ROS2_Software/ros2_ws/install/lab1_msgs/lib'
[1.714s] Level 1:colcon.colcon_core.shell:create_environment_hook('lab1_msgs', 'ld_library_path_lib')
[1.714s] INFO:colcon.colcon_core.shell:Creating environment hook '/home/felipe/Desktop/Robotica_Proy/CargaBot/ROS2_Software/ros2_ws/install/lab1_msgs/share/lab1_msgs/hook/ld_library_path_lib.ps1'
[1.715s] INFO:colcon.colcon_core.shell:Creating environment descriptor '/home/felipe/Desktop/Robotica_Proy/CargaBot/ROS2_Software/ros2_ws/install/lab1_msgs/share/lab1_msgs/hook/ld_library_path_lib.dsv'
[1.716s] INFO:colcon.colcon_core.shell:Creating environment hook '/home/felipe/Desktop/Robotica_Proy/CargaBot/ROS2_Software/ros2_ws/install/lab1_msgs/share/lab1_msgs/hook/ld_library_path_lib.sh'
[1.717s] Level 1:colcon.colcon_core.environment:checking '/home/felipe/Desktop/Robotica_Proy/CargaBot/ROS2_Software/ros2_ws/install/lab1_msgs/bin'
[1.717s] Level 1:colcon.colcon_core.environment:checking '/home/felipe/Desktop/Robotica_Proy/CargaBot/ROS2_Software/ros2_ws/install/lab1_msgs/lib/pkgconfig/lab1_msgs.pc'
[1.717s] Level 1:colcon.colcon_core.environment:checking '/home/felipe/Desktop/Robotica_Proy/CargaBot/ROS2_Software/ros2_ws/install/lab1_msgs/lib/python3.12/site-packages'
[1.718s] Level 1:colcon.colcon_core.shell:create_environment_hook('lab1_msgs', 'pythonpath')
[1.718s] INFO:colcon.colcon_core.shell:Creating environment hook '/home/felipe/Desktop/Robotica_Proy/CargaBot/ROS2_Software/ros2_ws/install/lab1_msgs/share/lab1_msgs/hook/pythonpath.ps1'
[1.719s] INFO:colcon.colcon_core.shell:Creating environment descriptor '/home/felipe/Desktop/Robotica_Proy/CargaBot/ROS2_Software/ros2_ws/install/lab1_msgs/share/lab1_msgs/hook/pythonpath.dsv'
[1.719s] INFO:colcon.colcon_core.shell:Creating environment hook '/home/felipe/Desktop/Robotica_Proy/CargaBot/ROS2_Software/ros2_ws/install/lab1_msgs/share/lab1_msgs/hook/pythonpath.sh'
[1.721s] Level 1:colcon.colcon_core.environment:checking '/home/felipe/Desktop/Robotica_Proy/CargaBot/ROS2_Software/ros2_ws/install/lab1_msgs/bin'
[1.721s] INFO:colcon.colcon_core.shell:Creating package script '/home/felipe/Desktop/Robotica_Proy/CargaBot/ROS2_Software/ros2_ws/install/lab1_msgs/share/lab1_msgs/package.ps1'
[1.722s] INFO:colcon.colcon_core.shell:Creating package descriptor '/home/felipe/Desktop/Robotica_Proy/CargaBot/ROS2_Software/ros2_ws/install/lab1_msgs/share/lab1_msgs/package.dsv'
[1.723s] INFO:colcon.colcon_core.shell:Creating package script '/home/felipe/Desktop/Robotica_Proy/CargaBot/ROS2_Software/ros2_ws/install/lab1_msgs/share/lab1_msgs/package.sh'
[1.724s] INFO:colcon.colcon_core.shell:Creating package script '/home/felipe/Desktop/Robotica_Proy/CargaBot/ROS2_Software/ros2_ws/install/lab1_msgs/share/lab1_msgs/package.bash'
[1.725s] INFO:colcon.colcon_core.shell:Creating package script '/home/felipe/Desktop/Robotica_Proy/CargaBot/ROS2_Software/ros2_ws/install/lab1_msgs/share/lab1_msgs/package.zsh'
[1.726s] Level 1:colcon.colcon_core.environment:create_file_with_runtime_dependencies(/home/felipe/Desktop/Robotica_Proy/CargaBot/ROS2_Software/ros2_ws/install/lab1_msgs/share/colcon-core/packages/lab1_msgs)
[1.726s] INFO:colcon.colcon_ros.task.ament_python.build:Building ROS package in '/home/felipe/Desktop/Robotica_Proy/CargaBot/ROS2_Software/ros2_ws/src/lab1_py_pkg' with build type 'ament_python'
[1.727s] Level 1:colcon.colcon_core.shell:create_environment_hook('lab1_py_pkg', 'ament_prefix_path')
[1.727s] INFO:colcon.colcon_core.shell:Creating environment hook '/home/felipe/Desktop/Robotica_Proy/CargaBot/ROS2_Software/ros2_ws/install/lab1_py_pkg/share/lab1_py_pkg/hook/ament_prefix_path.ps1'
[1.729s] INFO:colcon.colcon_core.shell:Creating environment descriptor '/home/felipe/Desktop/Robotica_Proy/CargaBot/ROS2_Software/ros2_ws/install/lab1_py_pkg/share/lab1_py_pkg/hook/ament_prefix_path.dsv'
[1.730s] INFO:colcon.colcon_core.shell:Creating environment hook '/home/felipe/Desktop/Robotica_Proy/CargaBot/ROS2_Software/ros2_ws/install/lab1_py_pkg/share/lab1_py_pkg/hook/ament_prefix_path.sh'
[1.731s] INFO:colcon.colcon_core.shell:Skip shell extension 'powershell' for command environment: Not usable outside of PowerShell
[1.731s] DEBUG:colcon.colcon_core.shell:Skip shell extension 'dsv' for command environment
[2.254s] INFO:colcon.colcon_core.task.python.build:Building Python package in '/home/felipe/Desktop/Robotica_Proy/CargaBot/ROS2_Software/ros2_ws/src/lab1_py_pkg'
[2.255s] INFO:colcon.colcon_core.shell:Skip shell extension 'powershell' for command environment: Not usable outside of PowerShell
[2.255s] DEBUG:colcon.colcon_core.shell:Skip shell extension 'dsv' for command environment
[3.619s] DEBUG:colcon.colcon_core.event_handler.log_command:Invoking command in '/home/felipe/Desktop/Robotica_Proy/CargaBot/ROS2_Software/ros2_ws/src/lab1_py_pkg': CMAKE_PREFIX_PATH=/home/felipe/Desktop/Robotica_Proy/CargaBot/ROS2_Software/ros2_ws/install/lab1_msgs:${CMAKE_PREFIX_PATH} DEBUGINFOD_URLS=https://debuginfod.ubuntu.com LD_LIBRARY_PATH=/home/felipe/Desktop/Robotica_Proy/CargaBot/ROS2_Software/ros2_ws/install/lab1_msgs/lib:/opt/ros/jazzy/opt/sdformat_vendor/lib:/opt/ros/jazzy/opt/rviz_ogre_vendor/lib:/opt/ros/jazzy/lib/x86_64-linux-gnu:/opt/ros/jazzy/opt/gz_math_vendor/lib:/opt/ros/jazzy/opt/gz_utils_vendor/lib:/opt/ros/jazzy/opt/gz_tools_vendor/lib:/opt/ros/jazzy/opt/gz_cmake_vendor/lib:/opt/ros/jazzy/lib PYTHONPATH=/home/felipe/Desktop/Robotica_Proy/CargaBot/ROS2_Software/ros2_ws/build/lab1_py_pkg/prefix_override:/usr/lib/python3/dist-packages/colcon_core/task/python/colcon_distutils_commands:/home/felipe/Desktop/Robotica_Proy/CargaBot/ROS2_Software/ros2_ws/install/lab1_py_pkg/lib/python3.12/site-packages:/home/felipe/Desktop/Robotica_Proy/CargaBot/ROS2_Software/ros2_ws/install/lab1_msgs/lib/python3.12/site-packages:/home/felipe/Desktop/Robotica_Proy/CargaBot/ROS2_Software/ros2_ws/install/lab1_py_pkg/lib/python3.12/site-packages:/opt/ros/jazzy/lib/python3.12/site-packages /usr/bin/python3 -W ignore:setup.py install is deprecated -W ignore:easy_install command is deprecated setup.py egg_info --egg-base ../../build/lab1_py_pkg build --build-base /home/felipe/Desktop/Robotica_Proy/CargaBot/ROS2_Software/ros2_ws/build/lab1_py_pkg/build install --record /home/felipe/Desktop/Robotica_Proy/CargaBot/ROS2_Software/ros2_ws/build/lab1_py_pkg/install.log --single-version-externally-managed install_data
[4.860s] Level 1:colcon.colcon_core.environment:checking '/home/felipe/Desktop/Robotica_Proy/CargaBot/ROS2_Software/ros2_ws/install/lab1_py_pkg' for CMake module files
[4.861s] DEBUG:colcon.colcon_core.event_handler.log_command:Invoked command in '/home/felipe/Desktop/Robotica_Proy/CargaBot/ROS2_Software/ros2_ws/src/lab1_py_pkg' returned '0': CMAKE_PREFIX_PATH=/home/felipe/Desktop/Robotica_Proy/CargaBot/ROS2_Software/ros2_ws/install/lab1_msgs:${CMAKE_PREFIX_PATH} DEBUGINFOD_URLS=https://debuginfod.ubuntu.com LD_LIBRARY_PATH=/home/felipe/Desktop/Robotica_Proy/CargaBot/ROS2_Software/ros2_ws/install/lab1_msgs/lib:/opt/ros/jazzy/opt/sdformat_vendor/lib:/opt/ros/jazzy/opt/rviz_ogre_vendor/lib:/opt/ros/jazzy/lib/x86_64-linux-gnu:/opt/ros/jazzy/opt/gz_math_vendor/lib:/opt/ros/jazzy/opt/gz_utils_vendor/lib:/opt/ros/jazzy/opt/gz_tools_vendor/lib:/opt/ros/jazzy/opt/gz_cmake_vendor/lib:/opt/ros/jazzy/lib PYTHONPATH=/home/felipe/Desktop/Robotica_Proy/CargaBot/ROS2_Software/ros2_ws/build/lab1_py_pkg/prefix_override:/usr/lib/python3/dist-packages/colcon_core/task/python/colcon_distutils_commands:/home/felipe/Desktop/Robotica_Proy/CargaBot/ROS2_Software/ros2_ws/install/lab1_py_pkg/lib/python3.12/site-packages:/home/felipe/Desktop/Robotica_Proy/CargaBot/ROS2_Software/ros2_ws/install/lab1_msgs/lib/python3.12/site-packages:/home/felipe/Desktop/Robotica_Proy/CargaBot/ROS2_Software/ros2_ws/install/lab1_py_pkg/lib/python3.12/site-packages:/opt/ros/jazzy/lib/python3.12/site-packages /usr/bin/python3 -W ignore:setup.py install is deprecated -W ignore:easy_install command is deprecated setup.py egg_info --egg-base ../../build/lab1_py_pkg build --build-base /home/felipe/Desktop/Robotica_Proy/CargaBot/ROS2_Software/ros2_ws/build/lab1_py_pkg/build install --record /home/felipe/Desktop/Robotica_Proy/CargaBot/ROS2_Software/ros2_ws/build/lab1_py_pkg/install.log --single-version-externally-managed install_data
[4.862s] Level 1:colcon.colcon_core.environment:checking '/home/felipe/Desktop/Robotica_Proy/CargaBot/ROS2_Software/ros2_ws/install/lab1_py_pkg' for CMake config files
[4.864s] Level 1:colcon.colcon_core.environment:checking '/home/felipe/Desktop/Robotica_Proy/CargaBot/ROS2_Software/ros2_ws/install/lab1_py_pkg/lib'
[4.864s] Level 1:colcon.colcon_core.environment:checking '/home/felipe/Desktop/Robotica_Proy/CargaBot/ROS2_Software/ros2_ws/install/lab1_py_pkg/bin'
[4.864s] Level 1:colcon.colcon_core.environment:checking '/home/felipe/Desktop/Robotica_Proy/CargaBot/ROS2_Software/ros2_ws/install/lab1_py_pkg/lib/pkgconfig/lab1_py_pkg.pc'
[4.864s] Level 1:colcon.colcon_core.environment:checking '/home/felipe/Desktop/Robotica_Proy/CargaBot/ROS2_Software/ros2_ws/install/lab1_py_pkg/lib/python3.12/site-packages'
[4.865s] Level 1:colcon.colcon_core.shell:create_environment_hook('lab1_py_pkg', 'pythonpath')
[4.865s] INFO:colcon.colcon_core.shell:Creating environment hook '/home/felipe/Desktop/Robotica_Proy/CargaBot/ROS2_Software/ros2_ws/install/lab1_py_pkg/share/lab1_py_pkg/hook/pythonpath.ps1'
[4.866s] INFO:colcon.colcon_core.shell:Creating environment descriptor '/home/felipe/Desktop/Robotica_Proy/CargaBot/ROS2_Software/ros2_ws/install/lab1_py_pkg/share/lab1_py_pkg/hook/pythonpath.dsv'
[4.867s] INFO:colcon.colcon_core.shell:Creating environment hook '/home/felipe/Desktop/Robotica_Proy/CargaBot/ROS2_Software/ros2_ws/install/lab1_py_pkg/share/lab1_py_pkg/hook/pythonpath.sh'
[4.868s] Level 1:colcon.colcon_core.environment:checking '/home/felipe/Desktop/Robotica_Proy/CargaBot/ROS2_Software/ros2_ws/install/lab1_py_pkg/bin'
[4.868s] Level 1:colcon.colcon_core.environment:create_environment_scripts_only(lab1_py_pkg)
[4.869s] INFO:colcon.colcon_core.shell:Creating package script '/home/felipe/Desktop/Robotica_Proy/CargaBot/ROS2_Software/ros2_ws/install/lab1_py_pkg/share/lab1_py_pkg/package.ps1'
[4.870s] INFO:colcon.colcon_core.shell:Creating package descriptor '/home/felipe/Desktop/Robotica_Proy/CargaBot/ROS2_Software/ros2_ws/install/lab1_py_pkg/share/lab1_py_pkg/package.dsv'
[4.870s] INFO:colcon.colcon_core.shell:Creating package script '/home/felipe/Desktop/Robotica_Proy/CargaBot/ROS2_Software/ros2_ws/install/lab1_py_pkg/share/lab1_py_pkg/package.sh'
[4.871s] INFO:colcon.colcon_core.shell:Creating package script '/home/felipe/Desktop/Robotica_Proy/CargaBot/ROS2_Software/ros2_ws/install/lab1_py_pkg/share/lab1_py_pkg/package.bash'
[4.872s] INFO:colcon.colcon_core.shell:Creating package script '/home/felipe/Desktop/Robotica_Proy/CargaBot/ROS2_Software/ros2_ws/install/lab1_py_pkg/share/lab1_py_pkg/package.zsh'
[4.873s] Level 1:colcon.colcon_core.environment:create_file_with_runtime_dependencies(/home/felipe/Desktop/Robotica_Proy/CargaBot/ROS2_Software/ros2_ws/install/lab1_py_pkg/share/colcon-core/packages/lab1_py_pkg)
[4.873s] DEBUG:colcon.colcon_parallel_executor.executor.parallel:closing loop
[4.874s] DEBUG:colcon.colcon_parallel_executor.executor.parallel:loop closed
[4.874s] DEBUG:colcon.colcon_parallel_executor.executor.parallel:run_until_complete finished with '0'
[4.874s] DEBUG:colcon.colcon_core.event_reactor:joining thread
[4.886s] INFO:colcon.colcon_core.plugin_system:Skipping extension 'colcon_notification.desktop_notification.terminal_notifier': Not used on non-Darwin systems
[4.886s] INFO:colcon.colcon_core.plugin_system:Skipping extension 'colcon_notification.desktop_notification.win32': Not used on non-Windows systems
[4.886s] INFO:colcon.colcon_notification.desktop_notification:Sending desktop notification using 'notify2'
[4.912s] DEBUG:colcon.colcon_core.event_reactor:joined thread
[4.913s] INFO:colcon.colcon_core.shell:Creating prefix script '/home/felipe/Desktop/Robotica_Proy/CargaBot/ROS2_Software/ros2_ws/install/local_setup.ps1'
[4.915s] INFO:colcon.colcon_core.shell:Creating prefix util module '/home/felipe/Desktop/Robotica_Proy/CargaBot/ROS2_Software/ros2_ws/install/_local_setup_util_ps1.py'
[4.917s] INFO:colcon.colcon_core.shell:Creating prefix chain script '/home/felipe/Desktop/Robotica_Proy/CargaBot/ROS2_Software/ros2_ws/install/setup.ps1'
[4.919s] INFO:colcon.colcon_core.shell:Creating prefix script '/home/felipe/Desktop/Robotica_Proy/CargaBot/ROS2_Software/ros2_ws/install/local_setup.sh'
[4.920s] INFO:colcon.colcon_core.shell:Creating prefix util module '/home/felipe/Desktop/Robotica_Proy/CargaBot/ROS2_Software/ros2_ws/install/_local_setup_util_sh.py'
[4.921s] INFO:colcon.colcon_core.shell:Creating prefix chain script '/home/felipe/Desktop/Robotica_Proy/CargaBot/ROS2_Software/ros2_ws/install/setup.sh'
[4.923s] INFO:colcon.colcon_core.shell:Creating prefix script '/home/felipe/Desktop/Robotica_Proy/CargaBot/ROS2_Software/ros2_ws/install/local_setup.bash'
[4.924s] INFO:colcon.colcon_core.shell:Creating prefix chain script '/home/felipe/Desktop/Robotica_Proy/CargaBot/ROS2_Software/ros2_ws/install/setup.bash'
[4.927s] INFO:colcon.colcon_core.shell:Creating prefix script '/home/felipe/Desktop/Robotica_Proy/CargaBot/ROS2_Software/ros2_ws/install/local_setup.zsh'
[4.928s] INFO:colcon.colcon_core.shell:Creating prefix chain script '/home/felipe/Desktop/Robotica_Proy/CargaBot/ROS2_Software/ros2_ws/install/setup.zsh'
