[0.011s] Invoking command in '/home/felipe/Desktop/Robotica_Proy/CargaBot/ROS2_Software/ros2_ws/build/lab1_msgs': CMAKE_PREFIX_PATH=${CMAKE_PREFIX_PATH}:/home/felipe/Desktop/Robotica_Proy/CargaBot/ROS2_Software/ros2_ws/install/lab1_py_pkg:/opt/ros/jazzy DEBUGINFOD_URLS=https://debuginfod.ubuntu.com /usr/bin/cmake --build /home/felipe/Desktop/Robotica_Proy/CargaBot/ROS2_Software/ros2_ws/build/lab1_msgs -- -j16 -l16
[0.060s] [  2%] Built target lab1_msgs__rosidl_generator_type_description
[0.072s] [  2%] Built target ament_cmake_python_copy_lab1_msgs
[0.082s] [  9%] Built target lab1_msgs__cpp
[0.082s] [ 22%] Built target lab1_msgs__rosidl_generator_c
[0.109s] [ 68%] Built target lab1_msgs__rosidl_typesupport_introspection_cpp
[0.110s] [ 68%] Built target lab1_msgs__rosidl_typesupport_cpp
[0.110s] [ 68%] Built target lab1_msgs__rosidl_typesupport_fastrtps_c
[0.110s] [ 68%] Built target lab1_msgs__rosidl_typesupport_c
[0.110s] [ 68%] Built target lab1_msgs__rosidl_typesupport_introspection_c
[0.110s] [ 77%] Built target lab1_msgs__rosidl_typesupport_fastrtps_cpp
[0.132s] [ 77%] Built target lab1_msgs
[0.153s] [ 79%] Built target lab1_msgs__py
[0.178s] [ 86%] Built target lab1_msgs__rosidl_generator_py
[0.211s] [100%] Built target lab1_msgs_s__rosidl_typesupport_introspection_c
[0.211s] [100%] Built target lab1_msgs_s__rosidl_typesupport_c
[0.211s] [100%] Built target lab1_msgs_s__rosidl_typesupport_fastrtps_c
[0.249s] running egg_info
[0.262s] writing lab1_msgs.egg-info/PKG-INFO
[0.262s] writing dependency_links to lab1_msgs.egg-info/dependency_links.txt
[0.262s] writing top-level names to lab1_msgs.egg-info/top_level.txt
[0.303s] reading manifest file 'lab1_msgs.egg-info/SOURCES.txt'
[0.303s] writing manifest file 'lab1_msgs.egg-info/SOURCES.txt'
[0.337s] [100%] Built target ament_cmake_python_build_lab1_msgs_egg
[0.353s] Invoked command in '/home/felipe/Desktop/Robotica_Proy/CargaBot/ROS2_Software/ros2_ws/build/lab1_msgs' returned '0': CMAKE_PREFIX_PATH=${CMAKE_PREFIX_PATH}:/home/felipe/Desktop/Robotica_Proy/CargaBot/ROS2_Software/ros2_ws/install/lab1_py_pkg:/opt/ros/jazzy DEBUGINFOD_URLS=https://debuginfod.ubuntu.com /usr/bin/cmake --build /home/felipe/Desktop/Robotica_Proy/CargaBot/ROS2_Software/ros2_ws/build/lab1_msgs -- -j16 -l16
[0.365s] Invoking command in '/home/felipe/Desktop/Robotica_Proy/CargaBot/ROS2_Software/ros2_ws/build/lab1_msgs': CMAKE_PREFIX_PATH=${CMAKE_PREFIX_PATH}:/home/felipe/Desktop/Robotica_Proy/CargaBot/ROS2_Software/ros2_ws/install/lab1_py_pkg:/opt/ros/jazzy DEBUGINFOD_URLS=https://debuginfod.ubuntu.com /usr/bin/cmake --install /home/felipe/Desktop/Robotica_Proy/CargaBot/ROS2_Software/ros2_ws/build/lab1_msgs
[0.370s] -- Install configuration: ""
[0.370s] -- Up-to-date: /home/felipe/Desktop/Robotica_Proy/CargaBot/ROS2_Software/ros2_ws/install/lab1_msgs/share/ament_index/resource_index/rosidl_interfaces/lab1_msgs
[0.371s] -- Up-to-date: /home/felipe/Desktop/Robotica_Proy/CargaBot/ROS2_Software/ros2_ws/install/lab1_msgs/share/lab1_msgs/msg/RobotAction.json
[0.371s] -- Up-to-date: /home/felipe/Desktop/Robotica_Proy/CargaBot/ROS2_Software/ros2_ws/install/lab1_msgs/share/lab1_msgs/srv/PlayRecording.json
[0.371s] -- Up-to-date: /home/felipe/Desktop/Robotica_Proy/CargaBot/ROS2_Software/ros2_ws/install/lab1_msgs/include/lab1_msgs/lab1_msgs
[0.371s] -- Up-to-date: /home/felipe/Desktop/Robotica_Proy/CargaBot/ROS2_Software/ros2_ws/install/lab1_msgs/include/lab1_msgs/lab1_msgs/srv
[0.371s] -- Up-to-date: /home/felipe/Desktop/Robotica_Proy/CargaBot/ROS2_Software/ros2_ws/install/lab1_msgs/include/lab1_msgs/lab1_msgs/srv/play_recording.h
[0.371s] -- Up-to-date: /home/felipe/Desktop/Robotica_Proy/CargaBot/ROS2_Software/ros2_ws/install/lab1_msgs/include/lab1_msgs/lab1_msgs/srv/detail
[0.371s] -- Up-to-date: /home/felipe/Desktop/Robotica_Proy/CargaBot/ROS2_Software/ros2_ws/install/lab1_msgs/include/lab1_msgs/lab1_msgs/srv/detail/play_recording__type_support.h
[0.371s] -- Up-to-date: /home/felipe/Desktop/Robotica_Proy/CargaBot/ROS2_Software/ros2_ws/install/lab1_msgs/include/lab1_msgs/lab1_msgs/srv/detail/play_recording__struct.h
[0.371s] -- Up-to-date: /home/felipe/Desktop/Robotica_Proy/CargaBot/ROS2_Software/ros2_ws/install/lab1_msgs/include/lab1_msgs/lab1_msgs/srv/detail/play_recording__functions.c
[0.371s] -- Up-to-date: /home/felipe/Desktop/Robotica_Proy/CargaBot/ROS2_Software/ros2_ws/install/lab1_msgs/include/lab1_msgs/lab1_msgs/srv/detail/play_recording__type_support.c
[0.372s] -- Up-to-date: /home/felipe/Desktop/Robotica_Proy/CargaBot/ROS2_Software/ros2_ws/install/lab1_msgs/include/lab1_msgs/lab1_msgs/srv/detail/play_recording__description.c
[0.372s] -- Up-to-date: /home/felipe/Desktop/Robotica_Proy/CargaBot/ROS2_Software/ros2_ws/install/lab1_msgs/include/lab1_msgs/lab1_msgs/srv/detail/play_recording__functions.h
[0.372s] -- Up-to-date: /home/felipe/Desktop/Robotica_Proy/CargaBot/ROS2_Software/ros2_ws/install/lab1_msgs/include/lab1_msgs/lab1_msgs/msg
[0.372s] -- Up-to-date: /home/felipe/Desktop/Robotica_Proy/CargaBot/ROS2_Software/ros2_ws/install/lab1_msgs/include/lab1_msgs/lab1_msgs/msg/rosidl_generator_c__visibility_control.h
[0.372s] -- Up-to-date: /home/felipe/Desktop/Robotica_Proy/CargaBot/ROS2_Software/ros2_ws/install/lab1_msgs/include/lab1_msgs/lab1_msgs/msg/detail
[0.372s] -- Up-to-date: /home/felipe/Desktop/Robotica_Proy/CargaBot/ROS2_Software/ros2_ws/install/lab1_msgs/include/lab1_msgs/lab1_msgs/msg/detail/robot_action__description.c
[0.372s] -- Up-to-date: /home/felipe/Desktop/Robotica_Proy/CargaBot/ROS2_Software/ros2_ws/install/lab1_msgs/include/lab1_msgs/lab1_msgs/msg/detail/robot_action__type_support.c
[0.372s] -- Up-to-date: /home/felipe/Desktop/Robotica_Proy/CargaBot/ROS2_Software/ros2_ws/install/lab1_msgs/include/lab1_msgs/lab1_msgs/msg/detail/robot_action__functions.h
[0.372s] -- Up-to-date: /home/felipe/Desktop/Robotica_Proy/CargaBot/ROS2_Software/ros2_ws/install/lab1_msgs/include/lab1_msgs/lab1_msgs/msg/detail/robot_action__functions.c
[0.372s] -- Up-to-date: /home/felipe/Desktop/Robotica_Proy/CargaBot/ROS2_Software/ros2_ws/install/lab1_msgs/include/lab1_msgs/lab1_msgs/msg/detail/robot_action__type_support.h
[0.372s] -- Up-to-date: /home/felipe/Desktop/Robotica_Proy/CargaBot/ROS2_Software/ros2_ws/install/lab1_msgs/include/lab1_msgs/lab1_msgs/msg/detail/robot_action__struct.h
[0.372s] -- Up-to-date: /home/felipe/Desktop/Robotica_Proy/CargaBot/ROS2_Software/ros2_ws/install/lab1_msgs/include/lab1_msgs/lab1_msgs/msg/robot_action.h
[0.372s] -- Up-to-date: /home/felipe/Desktop/Robotica_Proy/CargaBot/ROS2_Software/ros2_ws/install/lab1_msgs/share/lab1_msgs/environment/library_path.sh
[0.372s] -- Up-to-date: /home/felipe/Desktop/Robotica_Proy/CargaBot/ROS2_Software/ros2_ws/install/lab1_msgs/share/lab1_msgs/environment/library_path.dsv
[0.372s] -- Up-to-date: /home/felipe/Desktop/Robotica_Proy/CargaBot/ROS2_Software/ros2_ws/install/lab1_msgs/lib/liblab1_msgs__rosidl_generator_c.so
[0.372s] -- Up-to-date: /home/felipe/Desktop/Robotica_Proy/CargaBot/ROS2_Software/ros2_ws/install/lab1_msgs/include/lab1_msgs/lab1_msgs
[0.372s] -- Up-to-date: /home/felipe/Desktop/Robotica_Proy/CargaBot/ROS2_Software/ros2_ws/install/lab1_msgs/include/lab1_msgs/lab1_msgs/srv
[0.372s] -- Up-to-date: /home/felipe/Desktop/Robotica_Proy/CargaBot/ROS2_Software/ros2_ws/install/lab1_msgs/include/lab1_msgs/lab1_msgs/srv/detail
[0.372s] -- Up-to-date: /home/felipe/Desktop/Robotica_Proy/CargaBot/ROS2_Software/ros2_ws/install/lab1_msgs/include/lab1_msgs/lab1_msgs/srv/detail/play_recording__rosidl_typesupport_fastrtps_c.h
[0.373s] -- Up-to-date: /home/felipe/Desktop/Robotica_Proy/CargaBot/ROS2_Software/ros2_ws/install/lab1_msgs/include/lab1_msgs/lab1_msgs/msg
[0.373s] -- Up-to-date: /home/felipe/Desktop/Robotica_Proy/CargaBot/ROS2_Software/ros2_ws/install/lab1_msgs/include/lab1_msgs/lab1_msgs/msg/detail
[0.373s] -- Up-to-date: /home/felipe/Desktop/Robotica_Proy/CargaBot/ROS2_Software/ros2_ws/install/lab1_msgs/include/lab1_msgs/lab1_msgs/msg/detail/robot_action__rosidl_typesupport_fastrtps_c.h
[0.373s] -- Up-to-date: /home/felipe/Desktop/Robotica_Proy/CargaBot/ROS2_Software/ros2_ws/install/lab1_msgs/include/lab1_msgs/lab1_msgs/msg/rosidl_typesupport_fastrtps_c__visibility_control.h
[0.373s] -- Up-to-date: /home/felipe/Desktop/Robotica_Proy/CargaBot/ROS2_Software/ros2_ws/install/lab1_msgs/lib/liblab1_msgs__rosidl_typesupport_fastrtps_c.so
[0.373s] -- Up-to-date: /home/felipe/Desktop/Robotica_Proy/CargaBot/ROS2_Software/ros2_ws/install/lab1_msgs/include/lab1_msgs/lab1_msgs
[0.373s] -- Up-to-date: /home/felipe/Desktop/Robotica_Proy/CargaBot/ROS2_Software/ros2_ws/install/lab1_msgs/include/lab1_msgs/lab1_msgs/srv
[0.373s] -- Up-to-date: /home/felipe/Desktop/Robotica_Proy/CargaBot/ROS2_Software/ros2_ws/install/lab1_msgs/include/lab1_msgs/lab1_msgs/srv/detail
[0.373s] -- Up-to-date: /home/felipe/Desktop/Robotica_Proy/CargaBot/ROS2_Software/ros2_ws/install/lab1_msgs/include/lab1_msgs/lab1_msgs/srv/detail/play_recording__type_support.c
[0.373s] -- Up-to-date: /home/felipe/Desktop/Robotica_Proy/CargaBot/ROS2_Software/ros2_ws/install/lab1_msgs/include/lab1_msgs/lab1_msgs/srv/detail/play_recording__rosidl_typesupport_introspection_c.h
[0.373s] -- Up-to-date: /home/felipe/Desktop/Robotica_Proy/CargaBot/ROS2_Software/ros2_ws/install/lab1_msgs/include/lab1_msgs/lab1_msgs/msg
[0.373s] -- Up-to-date: /home/felipe/Desktop/Robotica_Proy/CargaBot/ROS2_Software/ros2_ws/install/lab1_msgs/include/lab1_msgs/lab1_msgs/msg/rosidl_typesupport_introspection_c__visibility_control.h
[0.373s] -- Up-to-date: /home/felipe/Desktop/Robotica_Proy/CargaBot/ROS2_Software/ros2_ws/install/lab1_msgs/include/lab1_msgs/lab1_msgs/msg/detail
[0.373s] -- Up-to-date: /home/felipe/Desktop/Robotica_Proy/CargaBot/ROS2_Software/ros2_ws/install/lab1_msgs/include/lab1_msgs/lab1_msgs/msg/detail/robot_action__type_support.c
[0.373s] -- Up-to-date: /home/felipe/Desktop/Robotica_Proy/CargaBot/ROS2_Software/ros2_ws/install/lab1_msgs/include/lab1_msgs/lab1_msgs/msg/detail/robot_action__rosidl_typesupport_introspection_c.h
[0.373s] -- Up-to-date: /home/felipe/Desktop/Robotica_Proy/CargaBot/ROS2_Software/ros2_ws/install/lab1_msgs/lib/liblab1_msgs__rosidl_typesupport_introspection_c.so
[0.373s] -- Up-to-date: /home/felipe/Desktop/Robotica_Proy/CargaBot/ROS2_Software/ros2_ws/install/lab1_msgs/lib/liblab1_msgs__rosidl_typesupport_c.so
[0.373s] -- Up-to-date: /home/felipe/Desktop/Robotica_Proy/CargaBot/ROS2_Software/ros2_ws/install/lab1_msgs/include/lab1_msgs/lab1_msgs
[0.373s] -- Up-to-date: /home/felipe/Desktop/Robotica_Proy/CargaBot/ROS2_Software/ros2_ws/install/lab1_msgs/include/lab1_msgs/lab1_msgs/srv
[0.373s] -- Up-to-date: /home/felipe/Desktop/Robotica_Proy/CargaBot/ROS2_Software/ros2_ws/install/lab1_msgs/include/lab1_msgs/lab1_msgs/srv/detail
[0.373s] -- Up-to-date: /home/felipe/Desktop/Robotica_Proy/CargaBot/ROS2_Software/ros2_ws/install/lab1_msgs/include/lab1_msgs/lab1_msgs/srv/detail/play_recording__struct.hpp
[0.373s] -- Up-to-date: /home/felipe/Desktop/Robotica_Proy/CargaBot/ROS2_Software/ros2_ws/install/lab1_msgs/include/lab1_msgs/lab1_msgs/srv/detail/play_recording__traits.hpp
[0.373s] -- Up-to-date: /home/felipe/Desktop/Robotica_Proy/CargaBot/ROS2_Software/ros2_ws/install/lab1_msgs/include/lab1_msgs/lab1_msgs/srv/detail/play_recording__builder.hpp
[0.373s] -- Up-to-date: /home/felipe/Desktop/Robotica_Proy/CargaBot/ROS2_Software/ros2_ws/install/lab1_msgs/include/lab1_msgs/lab1_msgs/srv/detail/play_recording__type_support.hpp
[0.374s] -- Up-to-date: /home/felipe/Desktop/Robotica_Proy/CargaBot/ROS2_Software/ros2_ws/install/lab1_msgs/include/lab1_msgs/lab1_msgs/srv/play_recording.hpp
[0.374s] -- Up-to-date: /home/felipe/Desktop/Robotica_Proy/CargaBot/ROS2_Software/ros2_ws/install/lab1_msgs/include/lab1_msgs/lab1_msgs/msg
[0.374s] -- Up-to-date: /home/felipe/Desktop/Robotica_Proy/CargaBot/ROS2_Software/ros2_ws/install/lab1_msgs/include/lab1_msgs/lab1_msgs/msg/robot_action.hpp
[0.374s] -- Up-to-date: /home/felipe/Desktop/Robotica_Proy/CargaBot/ROS2_Software/ros2_ws/install/lab1_msgs/include/lab1_msgs/lab1_msgs/msg/rosidl_generator_cpp__visibility_control.hpp
[0.374s] -- Up-to-date: /home/felipe/Desktop/Robotica_Proy/CargaBot/ROS2_Software/ros2_ws/install/lab1_msgs/include/lab1_msgs/lab1_msgs/msg/detail
[0.374s] -- Up-to-date: /home/felipe/Desktop/Robotica_Proy/CargaBot/ROS2_Software/ros2_ws/install/lab1_msgs/include/lab1_msgs/lab1_msgs/msg/detail/robot_action__builder.hpp
[0.374s] -- Up-to-date: /home/felipe/Desktop/Robotica_Proy/CargaBot/ROS2_Software/ros2_ws/install/lab1_msgs/include/lab1_msgs/lab1_msgs/msg/detail/robot_action__struct.hpp
[0.374s] -- Up-to-date: /home/felipe/Desktop/Robotica_Proy/CargaBot/ROS2_Software/ros2_ws/install/lab1_msgs/include/lab1_msgs/lab1_msgs/msg/detail/robot_action__type_support.hpp
[0.374s] -- Up-to-date: /home/felipe/Desktop/Robotica_Proy/CargaBot/ROS2_Software/ros2_ws/install/lab1_msgs/include/lab1_msgs/lab1_msgs/msg/detail/robot_action__traits.hpp
[0.374s] -- Up-to-date: /home/felipe/Desktop/Robotica_Proy/CargaBot/ROS2_Software/ros2_ws/install/lab1_msgs/include/lab1_msgs/lab1_msgs
[0.374s] -- Up-to-date: /home/felipe/Desktop/Robotica_Proy/CargaBot/ROS2_Software/ros2_ws/install/lab1_msgs/include/lab1_msgs/lab1_msgs/srv
[0.374s] -- Up-to-date: /home/felipe/Desktop/Robotica_Proy/CargaBot/ROS2_Software/ros2_ws/install/lab1_msgs/include/lab1_msgs/lab1_msgs/srv/detail
[0.374s] -- Up-to-date: /home/felipe/Desktop/Robotica_Proy/CargaBot/ROS2_Software/ros2_ws/install/lab1_msgs/include/lab1_msgs/lab1_msgs/srv/detail/play_recording__rosidl_typesupport_fastrtps_cpp.hpp
[0.374s] -- Up-to-date: /home/felipe/Desktop/Robotica_Proy/CargaBot/ROS2_Software/ros2_ws/install/lab1_msgs/include/lab1_msgs/lab1_msgs/srv/detail/dds_fastrtps
[0.374s] -- Up-to-date: /home/felipe/Desktop/Robotica_Proy/CargaBot/ROS2_Software/ros2_ws/install/lab1_msgs/include/lab1_msgs/lab1_msgs/msg
[0.374s] -- Up-to-date: /home/felipe/Desktop/Robotica_Proy/CargaBot/ROS2_Software/ros2_ws/install/lab1_msgs/include/lab1_msgs/lab1_msgs/msg/detail
[0.374s] -- Up-to-date: /home/felipe/Desktop/Robotica_Proy/CargaBot/ROS2_Software/ros2_ws/install/lab1_msgs/include/lab1_msgs/lab1_msgs/msg/detail/robot_action__rosidl_typesupport_fastrtps_cpp.hpp
[0.374s] -- Up-to-date: /home/felipe/Desktop/Robotica_Proy/CargaBot/ROS2_Software/ros2_ws/install/lab1_msgs/include/lab1_msgs/lab1_msgs/msg/detail/dds_fastrtps
[0.374s] -- Up-to-date: /home/felipe/Desktop/Robotica_Proy/CargaBot/ROS2_Software/ros2_ws/install/lab1_msgs/include/lab1_msgs/lab1_msgs/msg/rosidl_typesupport_fastrtps_cpp__visibility_control.h
[0.374s] -- Up-to-date: /home/felipe/Desktop/Robotica_Proy/CargaBot/ROS2_Software/ros2_ws/install/lab1_msgs/lib/liblab1_msgs__rosidl_typesupport_fastrtps_cpp.so
[0.374s] -- Up-to-date: /home/felipe/Desktop/Robotica_Proy/CargaBot/ROS2_Software/ros2_ws/install/lab1_msgs/include/lab1_msgs/lab1_msgs
[0.375s] -- Up-to-date: /home/felipe/Desktop/Robotica_Proy/CargaBot/ROS2_Software/ros2_ws/install/lab1_msgs/include/lab1_msgs/lab1_msgs/srv
[0.375s] -- Up-to-date: /home/felipe/Desktop/Robotica_Proy/CargaBot/ROS2_Software/ros2_ws/install/lab1_msgs/include/lab1_msgs/lab1_msgs/srv/detail
[0.375s] -- Up-to-date: /home/felipe/Desktop/Robotica_Proy/CargaBot/ROS2_Software/ros2_ws/install/lab1_msgs/include/lab1_msgs/lab1_msgs/srv/detail/play_recording__type_support.cpp
[0.375s] -- Up-to-date: /home/felipe/Desktop/Robotica_Proy/CargaBot/ROS2_Software/ros2_ws/install/lab1_msgs/include/lab1_msgs/lab1_msgs/srv/detail/play_recording__rosidl_typesupport_introspection_cpp.hpp
[0.375s] -- Up-to-date: /home/felipe/Desktop/Robotica_Proy/CargaBot/ROS2_Software/ros2_ws/install/lab1_msgs/include/lab1_msgs/lab1_msgs/msg
[0.375s] -- Up-to-date: /home/felipe/Desktop/Robotica_Proy/CargaBot/ROS2_Software/ros2_ws/install/lab1_msgs/include/lab1_msgs/lab1_msgs/msg/detail
[0.375s] -- Up-to-date: /home/felipe/Desktop/Robotica_Proy/CargaBot/ROS2_Software/ros2_ws/install/lab1_msgs/include/lab1_msgs/lab1_msgs/msg/detail/robot_action__type_support.cpp
[0.375s] -- Up-to-date: /home/felipe/Desktop/Robotica_Proy/CargaBot/ROS2_Software/ros2_ws/install/lab1_msgs/include/lab1_msgs/lab1_msgs/msg/detail/robot_action__rosidl_typesupport_introspection_cpp.hpp
[0.375s] -- Up-to-date: /home/felipe/Desktop/Robotica_Proy/CargaBot/ROS2_Software/ros2_ws/install/lab1_msgs/lib/liblab1_msgs__rosidl_typesupport_introspection_cpp.so
[0.375s] -- Up-to-date: /home/felipe/Desktop/Robotica_Proy/CargaBot/ROS2_Software/ros2_ws/install/lab1_msgs/lib/liblab1_msgs__rosidl_typesupport_cpp.so
[0.375s] -- Up-to-date: /home/felipe/Desktop/Robotica_Proy/CargaBot/ROS2_Software/ros2_ws/install/lab1_msgs/share/lab1_msgs/environment/pythonpath.sh
[0.375s] -- Up-to-date: /home/felipe/Desktop/Robotica_Proy/CargaBot/ROS2_Software/ros2_ws/install/lab1_msgs/share/lab1_msgs/environment/pythonpath.dsv
[0.375s] -- Up-to-date: /home/felipe/Desktop/Robotica_Proy/CargaBot/ROS2_Software/ros2_ws/install/lab1_msgs/lib/python3.12/site-packages/lab1_msgs-0.0.0-py3.12.egg-info
[0.375s] -- Installing: /home/felipe/Desktop/Robotica_Proy/CargaBot/ROS2_Software/ros2_ws/install/lab1_msgs/lib/python3.12/site-packages/lab1_msgs-0.0.0-py3.12.egg-info/dependency_links.txt
[0.375s] -- Installing: /home/felipe/Desktop/Robotica_Proy/CargaBot/ROS2_Software/ros2_ws/install/lab1_msgs/lib/python3.12/site-packages/lab1_msgs-0.0.0-py3.12.egg-info/top_level.txt
[0.376s] -- Installing: /home/felipe/Desktop/Robotica_Proy/CargaBot/ROS2_Software/ros2_ws/install/lab1_msgs/lib/python3.12/site-packages/lab1_msgs-0.0.0-py3.12.egg-info/PKG-INFO
[0.376s] -- Installing: /home/felipe/Desktop/Robotica_Proy/CargaBot/ROS2_Software/ros2_ws/install/lab1_msgs/lib/python3.12/site-packages/lab1_msgs-0.0.0-py3.12.egg-info/SOURCES.txt
[0.376s] -- Up-to-date: /home/felipe/Desktop/Robotica_Proy/CargaBot/ROS2_Software/ros2_ws/install/lab1_msgs/lib/python3.12/site-packages/lab1_msgs
[0.376s] -- Up-to-date: /home/felipe/Desktop/Robotica_Proy/CargaBot/ROS2_Software/ros2_ws/install/lab1_msgs/lib/python3.12/site-packages/lab1_msgs/lab1_msgs_s__rosidl_typesupport_c.so
[0.376s] -- Up-to-date: /home/felipe/Desktop/Robotica_Proy/CargaBot/ROS2_Software/ros2_ws/install/lab1_msgs/lib/python3.12/site-packages/lab1_msgs/_lab1_msgs_s.ep.rosidl_typesupport_c.c
[0.376s] -- Up-to-date: /home/felipe/Desktop/Robotica_Proy/CargaBot/ROS2_Software/ros2_ws/install/lab1_msgs/lib/python3.12/site-packages/lab1_msgs/srv
[0.376s] -- Up-to-date: /home/felipe/Desktop/Robotica_Proy/CargaBot/ROS2_Software/ros2_ws/install/lab1_msgs/lib/python3.12/site-packages/lab1_msgs/srv/_play_recording_s.c
[0.376s] -- Up-to-date: /home/felipe/Desktop/Robotica_Proy/CargaBot/ROS2_Software/ros2_ws/install/lab1_msgs/lib/python3.12/site-packages/lab1_msgs/srv/__init__.py
[0.376s] -- Up-to-date: /home/felipe/Desktop/Robotica_Proy/CargaBot/ROS2_Software/ros2_ws/install/lab1_msgs/lib/python3.12/site-packages/lab1_msgs/srv/_play_recording.py
[0.376s] -- Up-to-date: /home/felipe/Desktop/Robotica_Proy/CargaBot/ROS2_Software/ros2_ws/install/lab1_msgs/lib/python3.12/site-packages/lab1_msgs/msg
[0.376s] -- Up-to-date: /home/felipe/Desktop/Robotica_Proy/CargaBot/ROS2_Software/ros2_ws/install/lab1_msgs/lib/python3.12/site-packages/lab1_msgs/msg/_robot_action.py
[0.376s] -- Up-to-date: /home/felipe/Desktop/Robotica_Proy/CargaBot/ROS2_Software/ros2_ws/install/lab1_msgs/lib/python3.12/site-packages/lab1_msgs/msg/_robot_action_s.c
[0.376s] -- Up-to-date: /home/felipe/Desktop/Robotica_Proy/CargaBot/ROS2_Software/ros2_ws/install/lab1_msgs/lib/python3.12/site-packages/lab1_msgs/msg/__init__.py
[0.376s] -- Up-to-date: /home/felipe/Desktop/Robotica_Proy/CargaBot/ROS2_Software/ros2_ws/install/lab1_msgs/lib/python3.12/site-packages/lab1_msgs/__init__.py
[0.377s] -- Up-to-date: /home/felipe/Desktop/Robotica_Proy/CargaBot/ROS2_Software/ros2_ws/install/lab1_msgs/lib/python3.12/site-packages/lab1_msgs/lab1_msgs_s__rosidl_typesupport_introspection_c.so
[0.377s] -- Up-to-date: /home/felipe/Desktop/Robotica_Proy/CargaBot/ROS2_Software/ros2_ws/install/lab1_msgs/lib/python3.12/site-packages/lab1_msgs/_lab1_msgs_s.ep.rosidl_typesupport_introspection_c.c
[0.377s] -- Up-to-date: /home/felipe/Desktop/Robotica_Proy/CargaBot/ROS2_Software/ros2_ws/install/lab1_msgs/lib/python3.12/site-packages/lab1_msgs/lab1_msgs_s__rosidl_typesupport_fastrtps_c.so
[0.377s] -- Up-to-date: /home/felipe/Desktop/Robotica_Proy/CargaBot/ROS2_Software/ros2_ws/install/lab1_msgs/lib/python3.12/site-packages/lab1_msgs/_lab1_msgs_s.ep.rosidl_typesupport_fastrtps_c.c
[0.406s] Listing '/home/felipe/Desktop/Robotica_Proy/CargaBot/ROS2_Software/ros2_ws/install/lab1_msgs/lib/python3.12/site-packages/lab1_msgs'...
[0.406s] Listing '/home/felipe/Desktop/Robotica_Proy/CargaBot/ROS2_Software/ros2_ws/install/lab1_msgs/lib/python3.12/site-packages/lab1_msgs/msg'...
[0.406s] Listing '/home/felipe/Desktop/Robotica_Proy/CargaBot/ROS2_Software/ros2_ws/install/lab1_msgs/lib/python3.12/site-packages/lab1_msgs/srv'...
[0.411s] -- Up-to-date: /home/felipe/Desktop/Robotica_Proy/CargaBot/ROS2_Software/ros2_ws/install/lab1_msgs/lib/python3.12/site-packages/lab1_msgs/lab1_msgs_s__rosidl_typesupport_fastrtps_c.so
[0.411s] -- Up-to-date: /home/felipe/Desktop/Robotica_Proy/CargaBot/ROS2_Software/ros2_ws/install/lab1_msgs/lib/python3.12/site-packages/lab1_msgs/lab1_msgs_s__rosidl_typesupport_introspection_c.so
[0.411s] -- Up-to-date: /home/felipe/Desktop/Robotica_Proy/CargaBot/ROS2_Software/ros2_ws/install/lab1_msgs/lib/python3.12/site-packages/lab1_msgs/lab1_msgs_s__rosidl_typesupport_c.so
[0.412s] -- Up-to-date: /home/felipe/Desktop/Robotica_Proy/CargaBot/ROS2_Software/ros2_ws/install/lab1_msgs/lib/liblab1_msgs__rosidl_generator_py.so
[0.412s] -- Up-to-date: /home/felipe/Desktop/Robotica_Proy/CargaBot/ROS2_Software/ros2_ws/install/lab1_msgs/share/lab1_msgs/msg/RobotAction.idl
[0.412s] -- Up-to-date: /home/felipe/Desktop/Robotica_Proy/CargaBot/ROS2_Software/ros2_ws/install/lab1_msgs/share/lab1_msgs/srv/PlayRecording.idl
[0.412s] -- Up-to-date: /home/felipe/Desktop/Robotica_Proy/CargaBot/ROS2_Software/ros2_ws/install/lab1_msgs/share/lab1_msgs/msg/RobotAction.msg
[0.412s] -- Up-to-date: /home/felipe/Desktop/Robotica_Proy/CargaBot/ROS2_Software/ros2_ws/install/lab1_msgs/share/lab1_msgs/srv/PlayRecording.srv
[0.412s] -- Up-to-date: /home/felipe/Desktop/Robotica_Proy/CargaBot/ROS2_Software/ros2_ws/install/lab1_msgs/share/ament_index/resource_index/package_run_dependencies/lab1_msgs
[0.412s] -- Up-to-date: /home/felipe/Desktop/Robotica_Proy/CargaBot/ROS2_Software/ros2_ws/install/lab1_msgs/share/ament_index/resource_index/parent_prefix_path/lab1_msgs
[0.412s] -- Up-to-date: /home/felipe/Desktop/Robotica_Proy/CargaBot/ROS2_Software/ros2_ws/install/lab1_msgs/share/lab1_msgs/environment/ament_prefix_path.sh
[0.413s] -- Up-to-date: /home/felipe/Desktop/Robotica_Proy/CargaBot/ROS2_Software/ros2_ws/install/lab1_msgs/share/lab1_msgs/environment/ament_prefix_path.dsv
[0.413s] -- Up-to-date: /home/felipe/Desktop/Robotica_Proy/CargaBot/ROS2_Software/ros2_ws/install/lab1_msgs/share/lab1_msgs/environment/path.sh
[0.413s] -- Up-to-date: /home/felipe/Desktop/Robotica_Proy/CargaBot/ROS2_Software/ros2_ws/install/lab1_msgs/share/lab1_msgs/environment/path.dsv
[0.413s] -- Up-to-date: /home/felipe/Desktop/Robotica_Proy/CargaBot/ROS2_Software/ros2_ws/install/lab1_msgs/share/lab1_msgs/local_setup.bash
[0.413s] -- Up-to-date: /home/felipe/Desktop/Robotica_Proy/CargaBot/ROS2_Software/ros2_ws/install/lab1_msgs/share/lab1_msgs/local_setup.sh
[0.413s] -- Up-to-date: /home/felipe/Desktop/Robotica_Proy/CargaBot/ROS2_Software/ros2_ws/install/lab1_msgs/share/lab1_msgs/local_setup.zsh
[0.413s] -- Up-to-date: /home/felipe/Desktop/Robotica_Proy/CargaBot/ROS2_Software/ros2_ws/install/lab1_msgs/share/lab1_msgs/local_setup.dsv
[0.413s] -- Installing: /home/felipe/Desktop/Robotica_Proy/CargaBot/ROS2_Software/ros2_ws/install/lab1_msgs/share/lab1_msgs/package.dsv
[0.413s] -- Up-to-date: /home/felipe/Desktop/Robotica_Proy/CargaBot/ROS2_Software/ros2_ws/install/lab1_msgs/share/ament_index/resource_index/packages/lab1_msgs
[0.413s] -- Up-to-date: /home/felipe/Desktop/Robotica_Proy/CargaBot/ROS2_Software/ros2_ws/install/lab1_msgs/share/lab1_msgs/cmake/export_lab1_msgs__rosidl_generator_cExport.cmake
[0.413s] -- Up-to-date: /home/felipe/Desktop/Robotica_Proy/CargaBot/ROS2_Software/ros2_ws/install/lab1_msgs/share/lab1_msgs/cmake/export_lab1_msgs__rosidl_generator_cExport-noconfig.cmake
[0.413s] -- Up-to-date: /home/felipe/Desktop/Robotica_Proy/CargaBot/ROS2_Software/ros2_ws/install/lab1_msgs/share/lab1_msgs/cmake/export_lab1_msgs__rosidl_typesupport_fastrtps_cExport.cmake
[0.413s] -- Up-to-date: /home/felipe/Desktop/Robotica_Proy/CargaBot/ROS2_Software/ros2_ws/install/lab1_msgs/share/lab1_msgs/cmake/export_lab1_msgs__rosidl_typesupport_fastrtps_cExport-noconfig.cmake
[0.413s] -- Up-to-date: /home/felipe/Desktop/Robotica_Proy/CargaBot/ROS2_Software/ros2_ws/install/lab1_msgs/share/lab1_msgs/cmake/lab1_msgs__rosidl_typesupport_introspection_cExport.cmake
[0.413s] -- Up-to-date: /home/felipe/Desktop/Robotica_Proy/CargaBot/ROS2_Software/ros2_ws/install/lab1_msgs/share/lab1_msgs/cmake/lab1_msgs__rosidl_typesupport_introspection_cExport-noconfig.cmake
[0.413s] -- Up-to-date: /home/felipe/Desktop/Robotica_Proy/CargaBot/ROS2_Software/ros2_ws/install/lab1_msgs/share/lab1_msgs/cmake/lab1_msgs__rosidl_typesupport_cExport.cmake
[0.413s] -- Up-to-date: /home/felipe/Desktop/Robotica_Proy/CargaBot/ROS2_Software/ros2_ws/install/lab1_msgs/share/lab1_msgs/cmake/lab1_msgs__rosidl_typesupport_cExport-noconfig.cmake
[0.414s] -- Up-to-date: /home/felipe/Desktop/Robotica_Proy/CargaBot/ROS2_Software/ros2_ws/install/lab1_msgs/share/lab1_msgs/cmake/export_lab1_msgs__rosidl_generator_cppExport.cmake
[0.414s] -- Up-to-date: /home/felipe/Desktop/Robotica_Proy/CargaBot/ROS2_Software/ros2_ws/install/lab1_msgs/share/lab1_msgs/cmake/export_lab1_msgs__rosidl_typesupport_fastrtps_cppExport.cmake
[0.414s] -- Up-to-date: /home/felipe/Desktop/Robotica_Proy/CargaBot/ROS2_Software/ros2_ws/install/lab1_msgs/share/lab1_msgs/cmake/export_lab1_msgs__rosidl_typesupport_fastrtps_cppExport-noconfig.cmake
[0.414s] -- Up-to-date: /home/felipe/Desktop/Robotica_Proy/CargaBot/ROS2_Software/ros2_ws/install/lab1_msgs/share/lab1_msgs/cmake/lab1_msgs__rosidl_typesupport_introspection_cppExport.cmake
[0.414s] -- Up-to-date: /home/felipe/Desktop/Robotica_Proy/CargaBot/ROS2_Software/ros2_ws/install/lab1_msgs/share/lab1_msgs/cmake/lab1_msgs__rosidl_typesupport_introspection_cppExport-noconfig.cmake
[0.414s] -- Up-to-date: /home/felipe/Desktop/Robotica_Proy/CargaBot/ROS2_Software/ros2_ws/install/lab1_msgs/share/lab1_msgs/cmake/lab1_msgs__rosidl_typesupport_cppExport.cmake
[0.414s] -- Up-to-date: /home/felipe/Desktop/Robotica_Proy/CargaBot/ROS2_Software/ros2_ws/install/lab1_msgs/share/lab1_msgs/cmake/lab1_msgs__rosidl_typesupport_cppExport-noconfig.cmake
[0.414s] -- Up-to-date: /home/felipe/Desktop/Robotica_Proy/CargaBot/ROS2_Software/ros2_ws/install/lab1_msgs/share/lab1_msgs/cmake/export_lab1_msgs__rosidl_generator_pyExport.cmake
[0.414s] -- Up-to-date: /home/felipe/Desktop/Robotica_Proy/CargaBot/ROS2_Software/ros2_ws/install/lab1_msgs/share/lab1_msgs/cmake/export_lab1_msgs__rosidl_generator_pyExport-noconfig.cmake
[0.414s] -- Up-to-date: /home/felipe/Desktop/Robotica_Proy/CargaBot/ROS2_Software/ros2_ws/install/lab1_msgs/share/lab1_msgs/cmake/rosidl_cmake-extras.cmake
[0.414s] -- Up-to-date: /home/felipe/Desktop/Robotica_Proy/CargaBot/ROS2_Software/ros2_ws/install/lab1_msgs/share/lab1_msgs/cmake/ament_cmake_export_dependencies-extras.cmake
[0.414s] -- Up-to-date: /home/felipe/Desktop/Robotica_Proy/CargaBot/ROS2_Software/ros2_ws/install/lab1_msgs/share/lab1_msgs/cmake/ament_cmake_export_include_directories-extras.cmake
[0.414s] -- Up-to-date: /home/felipe/Desktop/Robotica_Proy/CargaBot/ROS2_Software/ros2_ws/install/lab1_msgs/share/lab1_msgs/cmake/ament_cmake_export_libraries-extras.cmake
[0.414s] -- Up-to-date: /home/felipe/Desktop/Robotica_Proy/CargaBot/ROS2_Software/ros2_ws/install/lab1_msgs/share/lab1_msgs/cmake/ament_cmake_export_targets-extras.cmake
[0.414s] -- Up-to-date: /home/felipe/Desktop/Robotica_Proy/CargaBot/ROS2_Software/ros2_ws/install/lab1_msgs/share/lab1_msgs/cmake/rosidl_cmake_export_typesupport_targets-extras.cmake
[0.415s] -- Up-to-date: /home/felipe/Desktop/Robotica_Proy/CargaBot/ROS2_Software/ros2_ws/install/lab1_msgs/share/lab1_msgs/cmake/rosidl_cmake_export_typesupport_libraries-extras.cmake
[0.415s] -- Up-to-date: /home/felipe/Desktop/Robotica_Proy/CargaBot/ROS2_Software/ros2_ws/install/lab1_msgs/share/lab1_msgs/cmake/lab1_msgsConfig.cmake
[0.415s] -- Up-to-date: /home/felipe/Desktop/Robotica_Proy/CargaBot/ROS2_Software/ros2_ws/install/lab1_msgs/share/lab1_msgs/cmake/lab1_msgsConfig-version.cmake
[0.415s] -- Up-to-date: /home/felipe/Desktop/Robotica_Proy/CargaBot/ROS2_Software/ros2_ws/install/lab1_msgs/share/lab1_msgs/package.xml
[0.419s] Invoked command in '/home/felipe/Desktop/Robotica_Proy/CargaBot/ROS2_Software/ros2_ws/build/lab1_msgs' returned '0': CMAKE_PREFIX_PATH=${CMAKE_PREFIX_PATH}:/home/felipe/Desktop/Robotica_Proy/CargaBot/ROS2_Software/ros2_ws/install/lab1_py_pkg:/opt/ros/jazzy DEBUGINFOD_URLS=https://debuginfod.ubuntu.com /usr/bin/cmake --install /home/felipe/Desktop/Robotica_Proy/CargaBot/ROS2_Software/ros2_ws/build/lab1_msgs
